
0x80000000:     ADDI x5, x0, 0
0x80000004:     ADDI x6, x0, 256
0x80000008:     LUI x7, 524304
0x8000000C:     ADDI x7, x7, 256
0x80000010:     SB x5, 0(x7)
0x80000014:     ADDI x5, x5, 1
0x80000018:     ADDI x7, x7, 1
0x8000001C:     BLTU x5, x6, -12
0x80000010:     SB x5, 0(x7)
0x80000014:     ADDI x5, x5, 1
0x80000018:     ADDI x7, x7, 1
0x8000001C:     BLTU x5, x6, -12
0x80000010:     SB x5, 0(x7)
0x80000014:     ADDI x5, x5, 1
0x80000018:     ADDI x7, x7, 1
0x8000001C:     BLTU x5, x6, -12
0x80000010:     SB x5, 0(x7)
0x80000014:     ADDI x5, x5, 1
0x80000018:     ADDI x7, x7, 1
0x8000001C:     BLTU x5, x6, -12
0x80000010:     SB x5, 0(x7)
0x80000014:     ADDI x5, x5, 1
0x80000018:     ADDI x7, x7, 1
0x8000001C:     BLTU x5, x6, -12
0x80000010:     SB x5, 0(x7)
0x80000014:     ADDI x5, x5, 1
0x80000018:     ADDI x7, x7, 1
0x8000001C:     BLTU x5, x6, -12
0x80000010:     SB x5, 0(x7)
0x80000014:     ADDI x5, x5, 1
0x80000018:     ADDI x7, x7, 1
0x8000001C:     BLTU x5, x6, -12
0x80000010:     SB x5, 0(x7)
0x80000014:     ADDI x5, x5, 1
0x80000018:     ADDI x7, x7, 1
0x8000001C:     BLTU x5, x6, -12
0x80000010:     SB x5, 0(x7)
0x80000014:     ADDI x5, x5, 1
0x80000018:     ADDI x7, x7, 1
0x8000001C:     BLTU x5, x6, -12
0x80000010:     SB x5, 0(x7)
0x80000014:     ADDI x5, x5, 1
0x80000018:     ADDI x7, x7, 1
0x8000001C:     BLTU x5, x6, -12
0x80000010:     SB x5, 0(x7)
0x80000014:     ADDI x5, x5, 1
0x80000018:     ADDI x7, x7, 1
0x8000001C:     BLTU x5, x6, -12
0x80000010:     SB x5, 0(x7)
0x80000014:     ADDI x5, x5, 1
0x80000018:     ADDI x7, x7, 1
0x8000001C:     BLTU x5, x6, -12
0x80000010:     SB x5, 0(x7)
0x80000014:     ADDI x5, x5, 1
0x80000018:     ADDI x7, x7, 1
0x8000001C:     BLTU x5, x6, -12
0x80000010:     SB x5, 0(x7)
0x80000014:     ADDI x5, x5, 1
0x80000018:     ADDI x7, x7, 1
0x8000001C:     BLTU x5, x6, -12
0x80000010:     SB x5, 0(x7)
0x80000014:     ADDI x5, x5, 1
0x80000018:     ADDI x7, x7, 1
0x8000001C:     BLTU x5, x6, -12
0x80000010:     SB x5, 0(x7)
0x80000014:     ADDI x5, x5, 1
0x80000018:     ADDI x7, x7, 1
0x8000001C:     BLTU x5, x6, -12
0x80000010:     SB x5, 0(x7)
0x80000014:     ADDI x5, x5, 1
0x80000018:     ADDI x7, x7, 1
0x8000001C:     BLTU x5, x6, -12
0x80000010:     SB x5, 0(x7)
0x80000014:     ADDI x5, x5, 1
0x80000018:     ADDI x7, x7, 1
0x8000001C:     BLTU x5, x6, -12
0x80000010:     SB x5, 0(x7)
0x80000014:     ADDI x5, x5, 1
0x80000018:     ADDI x7, x7, 1
0x8000001C:     BLTU x5, x6, -12
0x80000010:     SB x5, 0(x7)
0x80000014:     ADDI x5, x5, 1
0x80000018:     ADDI x7, x7, 1
0x8000001C:     BLTU x5, x6, -12
0x80000010:     SB x5, 0(x7)
0x80000014:     ADDI x5, x5, 1
0x80000018:     ADDI x7, x7, 1
0x8000001C:     BLTU x5, x6, -12
0x80000010:     SB x5, 0(x7)
0x80000014:     ADDI x5, x5, 1
0x80000018:     ADDI x7, x7, 1
0x8000001C:     BLTU x5, x6, -12
0x80000010:     SB x5, 0(x7)
0x80000014:     ADDI x5, x5, 1
0x80000018:     ADDI x7, x7, 1
0x8000001C:     BLTU x5, x6, -12
0x80000010:     SB x5, 0(x7)
0x80000014:     ADDI x5, x5, 1
0x80000018:     ADDI x7, x7, 1
0x8000001C:     BLTU x5, x6, -12
0x80000010:     SB x5, 0(x7)
0x80000014:     ADDI x5, x5, 1
0x80000018:     ADDI x7, x7, 1
0x8000001C:     BLTU x5, x6, -12
0x80000010:     SB x5, 0(x7)
0x80000014:     ADDI x5, x5, 1
0x80000018:     ADDI x7, x7, 1
0x8000001C:     BLTU x5, x6, -12
0x80000010:     SB x5, 0(x7)
0x80000014:     ADDI x5, x5, 1
0x80000018:     ADDI x7, x7, 1
0x8000001C:     BLTU x5, x6, -12
0x80000010:     SB x5, 0(x7)
0x80000014:     ADDI x5, x5, 1
0x80000018:     ADDI x7, x7, 1
0x8000001C:     BLTU x5, x6, -12
0x80000010:     SB x5, 0(x7)
0x80000014:     ADDI x5, x5, 1
0x80000018:     ADDI x7, x7, 1
0x8000001C:     BLTU x5, x6, -12
0x80000010:     SB x5, 0(x7)
0x80000014:     ADDI x5, x5, 1
0x80000018:     ADDI x7, x7, 1
0x8000001C:     BLTU x5, x6, -12
0x80000010:     SB x5, 0(x7)
0x80000014:     ADDI x5, x5, 1
0x80000018:     ADDI x7, x7, 1
0x8000001C:     BLTU x5, x6, -12
0x80000010:     SB x5, 0(x7)
0x80000014:     ADDI x5, x5, 1
0x80000018:     ADDI x7, x7, 1
0x8000001C:     BLTU x5, x6, -12
0x80000010:     SB x5, 0(x7)
0x80000014:     ADDI x5, x5, 1
0x80000018:     ADDI x7, x7, 1
0x8000001C:     BLTU x5, x6, -12
0x80000010:     SB x5, 0(x7)
0x80000014:     ADDI x5, x5, 1
0x80000018:     ADDI x7, x7, 1
0x8000001C:     BLTU x5, x6, -12
0x80000010:     SB x5, 0(x7)
0x80000014:     ADDI x5, x5, 1
0x80000018:     ADDI x7, x7, 1
0x8000001C:     BLTU x5, x6, -12
0x80000010:     SB x5, 0(x7)
0x80000014:     ADDI x5, x5, 1
0x80000018:     ADDI x7, x7, 1
0x8000001C:     BLTU x5, x6, -12
0x80000010:     SB x5, 0(x7)
0x80000014:     ADDI x5, x5, 1
0x80000018:     ADDI x7, x7, 1
0x8000001C:     BLTU x5, x6, -12
0x80000010:     SB x5, 0(x7)
0x80000014:     ADDI x5, x5, 1
0x80000018:     ADDI x7, x7, 1
0x8000001C:     BLTU x5, x6, -12
0x80000010:     SB x5, 0(x7)
0x80000014:     ADDI x5, x5, 1
0x80000018:     ADDI x7, x7, 1
0x8000001C:     BLTU x5, x6, -12
0x80000010:     SB x5, 0(x7)
0x80000014:     ADDI x5, x5, 1
0x80000018:     ADDI x7, x7, 1
0x8000001C:     BLTU x5, x6, -12
0x80000010:     SB x5, 0(x7)
0x80000014:     ADDI x5, x5, 1
0x80000018:     ADDI x7, x7, 1
0x8000001C:     BLTU x5, x6, -12
0x80000010:     SB x5, 0(x7)
0x80000014:     ADDI x5, x5, 1
0x80000018:     ADDI x7, x7, 1
0x8000001C:     BLTU x5, x6, -12
0x80000010:     SB x5, 0(x7)
0x80000014:     ADDI x5, x5, 1
0x80000018:     ADDI x7, x7, 1
0x8000001C:     BLTU x5, x6, -12
0x80000010:     SB x5, 0(x7)
0x80000014:     ADDI x5, x5, 1
0x80000018:     ADDI x7, x7, 1
0x8000001C:     BLTU x5, x6, -12
0x80000010:     SB x5, 0(x7)
0x80000014:     ADDI x5, x5, 1
0x80000018:     ADDI x7, x7, 1
0x8000001C:     BLTU x5, x6, -12
0x80000010:     SB x5, 0(x7)
0x80000014:     ADDI x5, x5, 1
0x80000018:     ADDI x7, x7, 1
0x8000001C:     BLTU x5, x6, -12
0x80000010:     SB x5, 0(x7)
0x80000014:     ADDI x5, x5, 1
0x80000018:     ADDI x7, x7, 1
0x8000001C:     BLTU x5, x6, -12
0x80000010:     SB x5, 0(x7)
0x80000014:     ADDI x5, x5, 1
0x80000018:     ADDI x7, x7, 1
0x8000001C:     BLTU x5, x6, -12
0x80000010:     SB x5, 0(x7)
0x80000014:     ADDI x5, x5, 1
0x80000018:     ADDI x7, x7, 1
0x8000001C:     BLTU x5, x6, -12
0x80000010:     SB x5, 0(x7)
0x80000014:     ADDI x5, x5, 1
0x80000018:     ADDI x7, x7, 1
0x8000001C:     BLTU x5, x6, -12
0x80000010:     SB x5, 0(x7)
0x80000014:     ADDI x5, x5, 1
0x80000018:     ADDI x7, x7, 1
0x8000001C:     BLTU x5, x6, -12
0x80000010:     SB x5, 0(x7)
0x80000014:     ADDI x5, x5, 1
0x80000018:     ADDI x7, x7, 1
0x8000001C:     BLTU x5, x6, -12
0x80000010:     SB x5, 0(x7)
0x80000014:     ADDI x5, x5, 1
0x80000018:     ADDI x7, x7, 1
0x8000001C:     BLTU x5, x6, -12
0x80000010:     SB x5, 0(x7)
0x80000014:     ADDI x5, x5, 1
0x80000018:     ADDI x7, x7, 1
0x8000001C:     BLTU x5, x6, -12
0x80000010:     SB x5, 0(x7)
0x80000014:     ADDI x5, x5, 1
0x80000018:     ADDI x7, x7, 1
0x8000001C:     BLTU x5, x6, -12
0x80000010:     SB x5, 0(x7)
0x80000014:     ADDI x5, x5, 1
0x80000018:     ADDI x7, x7, 1
0x8000001C:     BLTU x5, x6, -12
0x80000010:     SB x5, 0(x7)
0x80000014:     ADDI x5, x5, 1
0x80000018:     ADDI x7, x7, 1
0x8000001C:     BLTU x5, x6, -12
0x80000010:     SB x5, 0(x7)
0x80000014:     ADDI x5, x5, 1
0x80000018:     ADDI x7, x7, 1
0x8000001C:     BLTU x5, x6, -12
0x80000010:     SB x5, 0(x7)
0x80000014:     ADDI x5, x5, 1
0x80000018:     ADDI x7, x7, 1
0x8000001C:     BLTU x5, x6, -12
0x80000010:     SB x5, 0(x7)
0x80000014:     ADDI x5, x5, 1
0x80000018:     ADDI x7, x7, 1
0x8000001C:     BLTU x5, x6, -12
0x80000010:     SB x5, 0(x7)
0x80000014:     ADDI x5, x5, 1
0x80000018:     ADDI x7, x7, 1
0x8000001C:     BLTU x5, x6, -12
0x80000010:     SB x5, 0(x7)
0x80000014:     ADDI x5, x5, 1
0x80000018:     ADDI x7, x7, 1
0x8000001C:     BLTU x5, x6, -12
0x80000010:     SB x5, 0(x7)
0x80000014:     ADDI x5, x5, 1
0x80000018:     ADDI x7, x7, 1
0x8000001C:     BLTU x5, x6, -12
0x80000010:     SB x5, 0(x7)
0x80000014:     ADDI x5, x5, 1
0x80000018:     ADDI x7, x7, 1
0x8000001C:     BLTU x5, x6, -12
0x80000010:     SB x5, 0(x7)
0x80000014:     ADDI x5, x5, 1
0x80000018:     ADDI x7, x7, 1
0x8000001C:     BLTU x5, x6, -12
0x80000010:     SB x5, 0(x7)
0x80000014:     ADDI x5, x5, 1
0x80000018:     ADDI x7, x7, 1
0x8000001C:     BLTU x5, x6, -12
0x80000010:     SB x5, 0(x7)
0x80000014:     ADDI x5, x5, 1
0x80000018:     ADDI x7, x7, 1
0x8000001C:     BLTU x5, x6, -12
0x80000010:     SB x5, 0(x7)
0x80000014:     ADDI x5, x5, 1
0x80000018:     ADDI x7, x7, 1
0x8000001C:     BLTU x5, x6, -12
0x80000010:     SB x5, 0(x7)
0x80000014:     ADDI x5, x5, 1
0x80000018:     ADDI x7, x7, 1
0x8000001C:     BLTU x5, x6, -12
0x80000010:     SB x5, 0(x7)
0x80000014:     ADDI x5, x5, 1
0x80000018:     ADDI x7, x7, 1
0x8000001C:     BLTU x5, x6, -12
0x80000010:     SB x5, 0(x7)
0x80000014:     ADDI x5, x5, 1
0x80000018:     ADDI x7, x7, 1
0x8000001C:     BLTU x5, x6, -12
0x80000010:     SB x5, 0(x7)
0x80000014:     ADDI x5, x5, 1
0x80000018:     ADDI x7, x7, 1
0x8000001C:     BLTU x5, x6, -12
0x80000010:     SB x5, 0(x7)
0x80000014:     ADDI x5, x5, 1
0x80000018:     ADDI x7, x7, 1
0x8000001C:     BLTU x5, x6, -12
0x80000010:     SB x5, 0(x7)
0x80000014:     ADDI x5, x5, 1
0x80000018:     ADDI x7, x7, 1
0x8000001C:     BLTU x5, x6, -12
0x80000010:     SB x5, 0(x7)
0x80000014:     ADDI x5, x5, 1
0x80000018:     ADDI x7, x7, 1
0x8000001C:     BLTU x5, x6, -12
0x80000010:     SB x5, 0(x7)
0x80000014:     ADDI x5, x5, 1
0x80000018:     ADDI x7, x7, 1
0x8000001C:     BLTU x5, x6, -12
0x80000010:     SB x5, 0(x7)
0x80000014:     ADDI x5, x5, 1
0x80000018:     ADDI x7, x7, 1
0x8000001C:     BLTU x5, x6, -12
0x80000010:     SB x5, 0(x7)
0x80000014:     ADDI x5, x5, 1
0x80000018:     ADDI x7, x7, 1
0x8000001C:     BLTU x5, x6, -12
0x80000010:     SB x5, 0(x7)
0x80000014:     ADDI x5, x5, 1
0x80000018:     ADDI x7, x7, 1
0x8000001C:     BLTU x5, x6, -12
0x80000010:     SB x5, 0(x7)
0x80000014:     ADDI x5, x5, 1
0x80000018:     ADDI x7, x7, 1
0x8000001C:     BLTU x5, x6, -12
0x80000010:     SB x5, 0(x7)
0x80000014:     ADDI x5, x5, 1
0x80000018:     ADDI x7, x7, 1
0x8000001C:     BLTU x5, x6, -12
0x80000010:     SB x5, 0(x7)
0x80000014:     ADDI x5, x5, 1
0x80000018:     ADDI x7, x7, 1
0x8000001C:     BLTU x5, x6, -12
0x80000010:     SB x5, 0(x7)
0x80000014:     ADDI x5, x5, 1
0x80000018:     ADDI x7, x7, 1
0x8000001C:     BLTU x5, x6, -12
0x80000010:     SB x5, 0(x7)
0x80000014:     ADDI x5, x5, 1
0x80000018:     ADDI x7, x7, 1
0x8000001C:     BLTU x5, x6, -12
0x80000010:     SB x5, 0(x7)
0x80000014:     ADDI x5, x5, 1
0x80000018:     ADDI x7, x7, 1
0x8000001C:     BLTU x5, x6, -12
0x80000010:     SB x5, 0(x7)
0x80000014:     ADDI x5, x5, 1
0x80000018:     ADDI x7, x7, 1
0x8000001C:     BLTU x5, x6, -12
0x80000010:     SB x5, 0(x7)
0x80000014:     ADDI x5, x5, 1
0x80000018:     ADDI x7, x7, 1
0x8000001C:     BLTU x5, x6, -12
0x80000010:     SB x5, 0(x7)
0x80000014:     ADDI x5, x5, 1
0x80000018:     ADDI x7, x7, 1
0x8000001C:     BLTU x5, x6, -12
0x80000010:     SB x5, 0(x7)
0x80000014:     ADDI x5, x5, 1
0x80000018:     ADDI x7, x7, 1
0x8000001C:     BLTU x5, x6, -12
0x80000010:     SB x5, 0(x7)
0x80000014:     ADDI x5, x5, 1
0x80000018:     ADDI x7, x7, 1
0x8000001C:     BLTU x5, x6, -12
0x80000010:     SB x5, 0(x7)
0x80000014:     ADDI x5, x5, 1
0x80000018:     ADDI x7, x7, 1
0x8000001C:     BLTU x5, x6, -12
0x80000010:     SB x5, 0(x7)
0x80000014:     ADDI x5, x5, 1
0x80000018:     ADDI x7, x7, 1
0x8000001C:     BLTU x5, x6, -12
0x80000010:     SB x5, 0(x7)
0x80000014:     ADDI x5, x5, 1
0x80000018:     ADDI x7, x7, 1
0x8000001C:     BLTU x5, x6, -12
0x80000010:     SB x5, 0(x7)
0x80000014:     ADDI x5, x5, 1
0x80000018:     ADDI x7, x7, 1
0x8000001C:     BLTU x5, x6, -12
0x80000010:     SB x5, 0(x7)
0x80000014:     ADDI x5, x5, 1
0x80000018:     ADDI x7, x7, 1
0x8000001C:     BLTU x5, x6, -12
0x80000010:     SB x5, 0(x7)
0x80000014:     ADDI x5, x5, 1
0x80000018:     ADDI x7, x7, 1
0x8000001C:     BLTU x5, x6, -12
0x80000010:     SB x5, 0(x7)
0x80000014:     ADDI x5, x5, 1
0x80000018:     ADDI x7, x7, 1
0x8000001C:     BLTU x5, x6, -12
0x80000010:     SB x5, 0(x7)
0x80000014:     ADDI x5, x5, 1
0x80000018:     ADDI x7, x7, 1
0x8000001C:     BLTU x5, x6, -12
0x80000010:     SB x5, 0(x7)
0x80000014:     ADDI x5, x5, 1
0x80000018:     ADDI x7, x7, 1
0x8000001C:     BLTU x5, x6, -12
0x80000010:     SB x5, 0(x7)
0x80000014:     ADDI x5, x5, 1
0x80000018:     ADDI x7, x7, 1
0x8000001C:     BLTU x5, x6, -12
0x80000010:     SB x5, 0(x7)
0x80000014:     ADDI x5, x5, 1
0x80000018:     ADDI x7, x7, 1
0x8000001C:     BLTU x5, x6, -12
0x80000010:     SB x5, 0(x7)
0x80000014:     ADDI x5, x5, 1
0x80000018:     ADDI x7, x7, 1
0x8000001C:     BLTU x5, x6, -12
0x80000010:     SB x5, 0(x7)
0x80000014:     ADDI x5, x5, 1
0x80000018:     ADDI x7, x7, 1
0x8000001C:     BLTU x5, x6, -12
0x80000010:     SB x5, 0(x7)
0x80000014:     ADDI x5, x5, 1
0x80000018:     ADDI x7, x7, 1
0x8000001C:     BLTU x5, x6, -12
0x80000010:     SB x5, 0(x7)
0x80000014:     ADDI x5, x5, 1
0x80000018:     ADDI x7, x7, 1
0x8000001C:     BLTU x5, x6, -12
0x80000010:     SB x5, 0(x7)
0x80000014:     ADDI x5, x5, 1
0x80000018:     ADDI x7, x7, 1
0x8000001C:     BLTU x5, x6, -12
0x80000010:     SB x5, 0(x7)
0x80000014:     ADDI x5, x5, 1
0x80000018:     ADDI x7, x7, 1
0x8000001C:     BLTU x5, x6, -12
0x80000010:     SB x5, 0(x7)
0x80000014:     ADDI x5, x5, 1
0x80000018:     ADDI x7, x7, 1
0x8000001C:     BLTU x5, x6, -12
0x80000010:     SB x5, 0(x7)
0x80000014:     ADDI x5, x5, 1
0x80000018:     ADDI x7, x7, 1
0x8000001C:     BLTU x5, x6, -12
0x80000010:     SB x5, 0(x7)
0x80000014:     ADDI x5, x5, 1
0x80000018:     ADDI x7, x7, 1
0x8000001C:     BLTU x5, x6, -12
0x80000010:     SB x5, 0(x7)
0x80000014:     ADDI x5, x5, 1
0x80000018:     ADDI x7, x7, 1
0x8000001C:     BLTU x5, x6, -12
0x80000010:     SB x5, 0(x7)
0x80000014:     ADDI x5, x5, 1
0x80000018:     ADDI x7, x7, 1
0x8000001C:     BLTU x5, x6, -12
0x80000010:     SB x5, 0(x7)
0x80000014:     ADDI x5, x5, 1
0x80000018:     ADDI x7, x7, 1
0x8000001C:     BLTU x5, x6, -12
0x80000010:     SB x5, 0(x7)
0x80000014:     ADDI x5, x5, 1
0x80000018:     ADDI x7, x7, 1
0x8000001C:     BLTU x5, x6, -12
0x80000010:     SB x5, 0(x7)
0x80000014:     ADDI x5, x5, 1
0x80000018:     ADDI x7, x7, 1
0x8000001C:     BLTU x5, x6, -12
0x80000010:     SB x5, 0(x7)
0x80000014:     ADDI x5, x5, 1
0x80000018:     ADDI x7, x7, 1
0x8000001C:     BLTU x5, x6, -12
0x80000010:     SB x5, 0(x7)
0x80000014:     ADDI x5, x5, 1
0x80000018:     ADDI x7, x7, 1
0x8000001C:     BLTU x5, x6, -12
0x80000010:     SB x5, 0(x7)
0x80000014:     ADDI x5, x5, 1
0x80000018:     ADDI x7, x7, 1
0x8000001C:     BLTU x5, x6, -12
0x80000010:     SB x5, 0(x7)
0x80000014:     ADDI x5, x5, 1
0x80000018:     ADDI x7, x7, 1
0x8000001C:     BLTU x5, x6, -12
0x80000010:     SB x5, 0(x7)
0x80000014:     ADDI x5, x5, 1
0x80000018:     ADDI x7, x7, 1
0x8000001C:     BLTU x5, x6, -12
0x80000010:     SB x5, 0(x7)
0x80000014:     ADDI x5, x5, 1
0x80000018:     ADDI x7, x7, 1
0x8000001C:     BLTU x5, x6, -12
0x80000010:     SB x5, 0(x7)
0x80000014:     ADDI x5, x5, 1
0x80000018:     ADDI x7, x7, 1
0x8000001C:     BLTU x5, x6, -12
0x80000010:     SB x5, 0(x7)
0x80000014:     ADDI x5, x5, 1
0x80000018:     ADDI x7, x7, 1
0x8000001C:     BLTU x5, x6, -12
0x80000010:     SB x5, 0(x7)
0x80000014:     ADDI x5, x5, 1
0x80000018:     ADDI x7, x7, 1
0x8000001C:     BLTU x5, x6, -12
0x80000010:     SB x5, 0(x7)
0x80000014:     ADDI x5, x5, 1
0x80000018:     ADDI x7, x7, 1
0x8000001C:     BLTU x5, x6, -12
0x80000010:     SB x5, 0(x7)
0x80000014:     ADDI x5, x5, 1
0x80000018:     ADDI x7, x7, 1
0x8000001C:     BLTU x5, x6, -12
0x80000010:     SB x5, 0(x7)
0x80000014:     ADDI x5, x5, 1
0x80000018:     ADDI x7, x7, 1
0x8000001C:     BLTU x5, x6, -12
0x80000010:     SB x5, 0(x7)
0x80000014:     ADDI x5, x5, 1
0x80000018:     ADDI x7, x7, 1
0x8000001C:     BLTU x5, x6, -12
0x80000010:     SB x5, 0(x7)
0x80000014:     ADDI x5, x5, 1
0x80000018:     ADDI x7, x7, 1
0x8000001C:     BLTU x5, x6, -12
0x80000010:     SB x5, 0(x7)
0x80000014:     ADDI x5, x5, 1
0x80000018:     ADDI x7, x7, 1
0x8000001C:     BLTU x5, x6, -12
0x80000010:     SB x5, 0(x7)
0x80000014:     ADDI x5, x5, 1
0x80000018:     ADDI x7, x7, 1
0x8000001C:     BLTU x5, x6, -12
0x80000010:     SB x5, 0(x7)
0x80000014:     ADDI x5, x5, 1
0x80000018:     ADDI x7, x7, 1
0x8000001C:     BLTU x5, x6, -12
0x80000010:     SB x5, 0(x7)
0x80000014:     ADDI x5, x5, 1
0x80000018:     ADDI x7, x7, 1
0x8000001C:     BLTU x5, x6, -12
0x80000010:     SB x5, 0(x7)
0x80000014:     ADDI x5, x5, 1
0x80000018:     ADDI x7, x7, 1
0x8000001C:     BLTU x5, x6, -12
0x80000010:     SB x5, 0(x7)
0x80000014:     ADDI x5, x5, 1
0x80000018:     ADDI x7, x7, 1
0x8000001C:     BLTU x5, x6, -12
0x80000010:     SB x5, 0(x7)
0x80000014:     ADDI x5, x5, 1
0x80000018:     ADDI x7, x7, 1
0x8000001C:     BLTU x5, x6, -12
0x80000010:     SB x5, 0(x7)
0x80000014:     ADDI x5, x5, 1
0x80000018:     ADDI x7, x7, 1
0x8000001C:     BLTU x5, x6, -12
0x80000010:     SB x5, 0(x7)
0x80000014:     ADDI x5, x5, 1
0x80000018:     ADDI x7, x7, 1
0x8000001C:     BLTU x5, x6, -12
0x80000010:     SB x5, 0(x7)
0x80000014:     ADDI x5, x5, 1
0x80000018:     ADDI x7, x7, 1
0x8000001C:     BLTU x5, x6, -12
0x80000010:     SB x5, 0(x7)
0x80000014:     ADDI x5, x5, 1
0x80000018:     ADDI x7, x7, 1
0x8000001C:     BLTU x5, x6, -12
0x80000010:     SB x5, 0(x7)
0x80000014:     ADDI x5, x5, 1
0x80000018:     ADDI x7, x7, 1
0x8000001C:     BLTU x5, x6, -12
0x80000010:     SB x5, 0(x7)
0x80000014:     ADDI x5, x5, 1
0x80000018:     ADDI x7, x7, 1
0x8000001C:     BLTU x5, x6, -12
0x80000010:     SB x5, 0(x7)
0x80000014:     ADDI x5, x5, 1
0x80000018:     ADDI x7, x7, 1
0x8000001C:     BLTU x5, x6, -12
0x80000010:     SB x5, 0(x7)
0x80000014:     ADDI x5, x5, 1
0x80000018:     ADDI x7, x7, 1
0x8000001C:     BLTU x5, x6, -12
0x80000010:     SB x5, 0(x7)
0x80000014:     ADDI x5, x5, 1
0x80000018:     ADDI x7, x7, 1
0x8000001C:     BLTU x5, x6, -12
0x80000010:     SB x5, 0(x7)
0x80000014:     ADDI x5, x5, 1
0x80000018:     ADDI x7, x7, 1
0x8000001C:     BLTU x5, x6, -12
0x80000010:     SB x5, 0(x7)
0x80000014:     ADDI x5, x5, 1
0x80000018:     ADDI x7, x7, 1
0x8000001C:     BLTU x5, x6, -12
0x80000010:     SB x5, 0(x7)
0x80000014:     ADDI x5, x5, 1
0x80000018:     ADDI x7, x7, 1
0x8000001C:     BLTU x5, x6, -12
0x80000010:     SB x5, 0(x7)
0x80000014:     ADDI x5, x5, 1
0x80000018:     ADDI x7, x7, 1
0x8000001C:     BLTU x5, x6, -12
0x80000010:     SB x5, 0(x7)
0x80000014:     ADDI x5, x5, 1
0x80000018:     ADDI x7, x7, 1
0x8000001C:     BLTU x5, x6, -12
0x80000010:     SB x5, 0(x7)
0x80000014:     ADDI x5, x5, 1
0x80000018:     ADDI x7, x7, 1
0x8000001C:     BLTU x5, x6, -12
0x80000010:     SB x5, 0(x7)
0x80000014:     ADDI x5, x5, 1
0x80000018:     ADDI x7, x7, 1
0x8000001C:     BLTU x5, x6, -12
0x80000010:     SB x5, 0(x7)
0x80000014:     ADDI x5, x5, 1
0x80000018:     ADDI x7, x7, 1
0x8000001C:     BLTU x5, x6, -12
0x80000010:     SB x5, 0(x7)
0x80000014:     ADDI x5, x5, 1
0x80000018:     ADDI x7, x7, 1
0x8000001C:     BLTU x5, x6, -12
0x80000010:     SB x5, 0(x7)
0x80000014:     ADDI x5, x5, 1
0x80000018:     ADDI x7, x7, 1
0x8000001C:     BLTU x5, x6, -12
0x80000010:     SB x5, 0(x7)
0x80000014:     ADDI x5, x5, 1
0x80000018:     ADDI x7, x7, 1
0x8000001C:     BLTU x5, x6, -12
0x80000010:     SB x5, 0(x7)
0x80000014:     ADDI x5, x5, 1
0x80000018:     ADDI x7, x7, 1
0x8000001C:     BLTU x5, x6, -12
0x80000010:     SB x5, 0(x7)
0x80000014:     ADDI x5, x5, 1
0x80000018:     ADDI x7, x7, 1
0x8000001C:     BLTU x5, x6, -12
0x80000010:     SB x5, 0(x7)
0x80000014:     ADDI x5, x5, 1
0x80000018:     ADDI x7, x7, 1
0x8000001C:     BLTU x5, x6, -12
0x80000010:     SB x5, 0(x7)
0x80000014:     ADDI x5, x5, 1
0x80000018:     ADDI x7, x7, 1
0x8000001C:     BLTU x5, x6, -12
0x80000010:     SB x5, 0(x7)
0x80000014:     ADDI x5, x5, 1
0x80000018:     ADDI x7, x7, 1
0x8000001C:     BLTU x5, x6, -12
0x80000010:     SB x5, 0(x7)
0x80000014:     ADDI x5, x5, 1
0x80000018:     ADDI x7, x7, 1
0x8000001C:     BLTU x5, x6, -12
0x80000010:     SB x5, 0(x7)
0x80000014:     ADDI x5, x5, 1
0x80000018:     ADDI x7, x7, 1
0x8000001C:     BLTU x5, x6, -12
0x80000010:     SB x5, 0(x7)
0x80000014:     ADDI x5, x5, 1
0x80000018:     ADDI x7, x7, 1
0x8000001C:     BLTU x5, x6, -12
0x80000010:     SB x5, 0(x7)
0x80000014:     ADDI x5, x5, 1
0x80000018:     ADDI x7, x7, 1
0x8000001C:     BLTU x5, x6, -12
0x80000010:     SB x5, 0(x7)
0x80000014:     ADDI x5, x5, 1
0x80000018:     ADDI x7, x7, 1
0x8000001C:     BLTU x5, x6, -12
0x80000010:     SB x5, 0(x7)
0x80000014:     ADDI x5, x5, 1
0x80000018:     ADDI x7, x7, 1
0x8000001C:     BLTU x5, x6, -12
0x80000010:     SB x5, 0(x7)
0x80000014:     ADDI x5, x5, 1
0x80000018:     ADDI x7, x7, 1
0x8000001C:     BLTU x5, x6, -12
0x80000010:     SB x5, 0(x7)
0x80000014:     ADDI x5, x5, 1
0x80000018:     ADDI x7, x7, 1
0x8000001C:     BLTU x5, x6, -12
0x80000010:     SB x5, 0(x7)
0x80000014:     ADDI x5, x5, 1
0x80000018:     ADDI x7, x7, 1
0x8000001C:     BLTU x5, x6, -12
0x80000010:     SB x5, 0(x7)
0x80000014:     ADDI x5, x5, 1
0x80000018:     ADDI x7, x7, 1
0x8000001C:     BLTU x5, x6, -12
0x80000010:     SB x5, 0(x7)
0x80000014:     ADDI x5, x5, 1
0x80000018:     ADDI x7, x7, 1
0x8000001C:     BLTU x5, x6, -12
0x80000010:     SB x5, 0(x7)
0x80000014:     ADDI x5, x5, 1
0x80000018:     ADDI x7, x7, 1
0x8000001C:     BLTU x5, x6, -12
0x80000010:     SB x5, 0(x7)
0x80000014:     ADDI x5, x5, 1
0x80000018:     ADDI x7, x7, 1
0x8000001C:     BLTU x5, x6, -12
0x80000010:     SB x5, 0(x7)
0x80000014:     ADDI x5, x5, 1
0x80000018:     ADDI x7, x7, 1
0x8000001C:     BLTU x5, x6, -12
0x80000010:     SB x5, 0(x7)
0x80000014:     ADDI x5, x5, 1
0x80000018:     ADDI x7, x7, 1
0x8000001C:     BLTU x5, x6, -12
0x80000010:     SB x5, 0(x7)
0x80000014:     ADDI x5, x5, 1
0x80000018:     ADDI x7, x7, 1
0x8000001C:     BLTU x5, x6, -12
0x80000010:     SB x5, 0(x7)
0x80000014:     ADDI x5, x5, 1
0x80000018:     ADDI x7, x7, 1
0x8000001C:     BLTU x5, x6, -12
0x80000010:     SB x5, 0(x7)
0x80000014:     ADDI x5, x5, 1
0x80000018:     ADDI x7, x7, 1
0x8000001C:     BLTU x5, x6, -12
0x80000010:     SB x5, 0(x7)
0x80000014:     ADDI x5, x5, 1
0x80000018:     ADDI x7, x7, 1
0x8000001C:     BLTU x5, x6, -12
0x80000010:     SB x5, 0(x7)
0x80000014:     ADDI x5, x5, 1
0x80000018:     ADDI x7, x7, 1
0x8000001C:     BLTU x5, x6, -12
0x80000010:     SB x5, 0(x7)
0x80000014:     ADDI x5, x5, 1
0x80000018:     ADDI x7, x7, 1
0x8000001C:     BLTU x5, x6, -12
0x80000010:     SB x5, 0(x7)
0x80000014:     ADDI x5, x5, 1
0x80000018:     ADDI x7, x7, 1
0x8000001C:     BLTU x5, x6, -12
0x80000010:     SB x5, 0(x7)
0x80000014:     ADDI x5, x5, 1
0x80000018:     ADDI x7, x7, 1
0x8000001C:     BLTU x5, x6, -12
0x80000010:     SB x5, 0(x7)
0x80000014:     ADDI x5, x5, 1
0x80000018:     ADDI x7, x7, 1
0x8000001C:     BLTU x5, x6, -12
0x80000010:     SB x5, 0(x7)
0x80000014:     ADDI x5, x5, 1
0x80000018:     ADDI x7, x7, 1
0x8000001C:     BLTU x5, x6, -12
0x80000010:     SB x5, 0(x7)
0x80000014:     ADDI x5, x5, 1
0x80000018:     ADDI x7, x7, 1
0x8000001C:     BLTU x5, x6, -12
0x80000010:     SB x5, 0(x7)
0x80000014:     ADDI x5, x5, 1
0x80000018:     ADDI x7, x7, 1
0x8000001C:     BLTU x5, x6, -12
0x80000010:     SB x5, 0(x7)
0x80000014:     ADDI x5, x5, 1
0x80000018:     ADDI x7, x7, 1
0x8000001C:     BLTU x5, x6, -12
0x80000010:     SB x5, 0(x7)
0x80000014:     ADDI x5, x5, 1
0x80000018:     ADDI x7, x7, 1
0x8000001C:     BLTU x5, x6, -12
0x80000010:     SB x5, 0(x7)
0x80000014:     ADDI x5, x5, 1
0x80000018:     ADDI x7, x7, 1
0x8000001C:     BLTU x5, x6, -12
0x80000010:     SB x5, 0(x7)
0x80000014:     ADDI x5, x5, 1
0x80000018:     ADDI x7, x7, 1
0x8000001C:     BLTU x5, x6, -12
0x80000010:     SB x5, 0(x7)
0x80000014:     ADDI x5, x5, 1
0x80000018:     ADDI x7, x7, 1
0x8000001C:     BLTU x5, x6, -12
0x80000010:     SB x5, 0(x7)
0x80000014:     ADDI x5, x5, 1
0x80000018:     ADDI x7, x7, 1
0x8000001C:     BLTU x5, x6, -12
0x80000010:     SB x5, 0(x7)
0x80000014:     ADDI x5, x5, 1
0x80000018:     ADDI x7, x7, 1
0x8000001C:     BLTU x5, x6, -12
0x80000010:     SB x5, 0(x7)
0x80000014:     ADDI x5, x5, 1
0x80000018:     ADDI x7, x7, 1
0x8000001C:     BLTU x5, x6, -12
0x80000010:     SB x5, 0(x7)
0x80000014:     ADDI x5, x5, 1
0x80000018:     ADDI x7, x7, 1
0x8000001C:     BLTU x5, x6, -12
0x80000010:     SB x5, 0(x7)
0x80000014:     ADDI x5, x5, 1
0x80000018:     ADDI x7, x7, 1
0x8000001C:     BLTU x5, x6, -12
0x80000010:     SB x5, 0(x7)
0x80000014:     ADDI x5, x5, 1
0x80000018:     ADDI x7, x7, 1
0x8000001C:     BLTU x5, x6, -12
0x80000010:     SB x5, 0(x7)
0x80000014:     ADDI x5, x5, 1
0x80000018:     ADDI x7, x7, 1
0x8000001C:     BLTU x5, x6, -12
0x80000010:     SB x5, 0(x7)
0x80000014:     ADDI x5, x5, 1
0x80000018:     ADDI x7, x7, 1
0x8000001C:     BLTU x5, x6, -12
0x80000010:     SB x5, 0(x7)
0x80000014:     ADDI x5, x5, 1
0x80000018:     ADDI x7, x7, 1
0x8000001C:     BLTU x5, x6, -12
0x80000010:     SB x5, 0(x7)
0x80000014:     ADDI x5, x5, 1
0x80000018:     ADDI x7, x7, 1
0x8000001C:     BLTU x5, x6, -12
0x80000010:     SB x5, 0(x7)
0x80000014:     ADDI x5, x5, 1
0x80000018:     ADDI x7, x7, 1
0x8000001C:     BLTU x5, x6, -12
0x80000010:     SB x5, 0(x7)
0x80000014:     ADDI x5, x5, 1
0x80000018:     ADDI x7, x7, 1
0x8000001C:     BLTU x5, x6, -12
0x80000010:     SB x5, 0(x7)
0x80000014:     ADDI x5, x5, 1
0x80000018:     ADDI x7, x7, 1
0x8000001C:     BLTU x5, x6, -12
0x80000010:     SB x5, 0(x7)
0x80000014:     ADDI x5, x5, 1
0x80000018:     ADDI x7, x7, 1
0x8000001C:     BLTU x5, x6, -12
0x80000010:     SB x5, 0(x7)
0x80000014:     ADDI x5, x5, 1
0x80000018:     ADDI x7, x7, 1
0x8000001C:     BLTU x5, x6, -12
0x80000010:     SB x5, 0(x7)
0x80000014:     ADDI x5, x5, 1
0x80000018:     ADDI x7, x7, 1
0x8000001C:     BLTU x5, x6, -12
0x80000010:     SB x5, 0(x7)
0x80000014:     ADDI x5, x5, 1
0x80000018:     ADDI x7, x7, 1
0x8000001C:     BLTU x5, x6, -12
0x80000010:     SB x5, 0(x7)
0x80000014:     ADDI x5, x5, 1
0x80000018:     ADDI x7, x7, 1
0x8000001C:     BLTU x5, x6, -12
0x80000010:     SB x5, 0(x7)
0x80000014:     ADDI x5, x5, 1
0x80000018:     ADDI x7, x7, 1
0x8000001C:     BLTU x5, x6, -12
0x80000010:     SB x5, 0(x7)
0x80000014:     ADDI x5, x5, 1
0x80000018:     ADDI x7, x7, 1
0x8000001C:     BLTU x5, x6, -12
0x80000010:     SB x5, 0(x7)
0x80000014:     ADDI x5, x5, 1
0x80000018:     ADDI x7, x7, 1
0x8000001C:     BLTU x5, x6, -12
0x80000010:     SB x5, 0(x7)
0x80000014:     ADDI x5, x5, 1
0x80000018:     ADDI x7, x7, 1
0x8000001C:     BLTU x5, x6, -12
0x80000010:     SB x5, 0(x7)
0x80000014:     ADDI x5, x5, 1
0x80000018:     ADDI x7, x7, 1
0x8000001C:     BLTU x5, x6, -12
0x80000010:     SB x5, 0(x7)
0x80000014:     ADDI x5, x5, 1
0x80000018:     ADDI x7, x7, 1
0x8000001C:     BLTU x5, x6, -12
0x80000010:     SB x5, 0(x7)
0x80000014:     ADDI x5, x5, 1
0x80000018:     ADDI x7, x7, 1
0x8000001C:     BLTU x5, x6, -12
0x80000010:     SB x5, 0(x7)
0x80000014:     ADDI x5, x5, 1
0x80000018:     ADDI x7, x7, 1
0x8000001C:     BLTU x5, x6, -12
0x80000010:     SB x5, 0(x7)
0x80000014:     ADDI x5, x5, 1
0x80000018:     ADDI x7, x7, 1
0x8000001C:     BLTU x5, x6, -12
0x80000010:     SB x5, 0(x7)
0x80000014:     ADDI x5, x5, 1
0x80000018:     ADDI x7, x7, 1
0x8000001C:     BLTU x5, x6, -12
0x80000010:     SB x5, 0(x7)
0x80000014:     ADDI x5, x5, 1
0x80000018:     ADDI x7, x7, 1
0x8000001C:     BLTU x5, x6, -12
0x80000010:     SB x5, 0(x7)
0x80000014:     ADDI x5, x5, 1
0x80000018:     ADDI x7, x7, 1
0x8000001C:     BLTU x5, x6, -12
0x80000010:     SB x5, 0(x7)
0x80000014:     ADDI x5, x5, 1
0x80000018:     ADDI x7, x7, 1
0x8000001C:     BLTU x5, x6, -12
0x80000010:     SB x5, 0(x7)
0x80000014:     ADDI x5, x5, 1
0x80000018:     ADDI x7, x7, 1
0x8000001C:     BLTU x5, x6, -12
0x80000010:     SB x5, 0(x7)
0x80000014:     ADDI x5, x5, 1
0x80000018:     ADDI x7, x7, 1
0x8000001C:     BLTU x5, x6, -12
0x80000010:     SB x5, 0(x7)
0x80000014:     ADDI x5, x5, 1
0x80000018:     ADDI x7, x7, 1
0x8000001C:     BLTU x5, x6, -12
0x80000010:     SB x5, 0(x7)
0x80000014:     ADDI x5, x5, 1
0x80000018:     ADDI x7, x7, 1
0x8000001C:     BLTU x5, x6, -12
0x80000010:     SB x5, 0(x7)
0x80000014:     ADDI x5, x5, 1
0x80000018:     ADDI x7, x7, 1
0x8000001C:     BLTU x5, x6, -12
0x80000010:     SB x5, 0(x7)
0x80000014:     ADDI x5, x5, 1
0x80000018:     ADDI x7, x7, 1
0x8000001C:     BLTU x5, x6, -12
0x80000010:     SB x5, 0(x7)
0x80000014:     ADDI x5, x5, 1
0x80000018:     ADDI x7, x7, 1
0x8000001C:     BLTU x5, x6, -12
0x80000010:     SB x5, 0(x7)
0x80000014:     ADDI x5, x5, 1
0x80000018:     ADDI x7, x7, 1
0x8000001C:     BLTU x5, x6, -12
0x80000010:     SB x5, 0(x7)
0x80000014:     ADDI x5, x5, 1
0x80000018:     ADDI x7, x7, 1
0x8000001C:     BLTU x5, x6, -12
0x80000010:     SB x5, 0(x7)
0x80000014:     ADDI x5, x5, 1
0x80000018:     ADDI x7, x7, 1
0x8000001C:     BLTU x5, x6, -12
0x80000010:     SB x5, 0(x7)
0x80000014:     ADDI x5, x5, 1
0x80000018:     ADDI x7, x7, 1
0x8000001C:     BLTU x5, x6, -12
0x80000010:     SB x5, 0(x7)
0x80000014:     ADDI x5, x5, 1
0x80000018:     ADDI x7, x7, 1
0x8000001C:     BLTU x5, x6, -12
0x80000010:     SB x5, 0(x7)
0x80000014:     ADDI x5, x5, 1
0x80000018:     ADDI x7, x7, 1
0x8000001C:     BLTU x5, x6, -12
0x80000010:     SB x5, 0(x7)
0x80000014:     ADDI x5, x5, 1
0x80000018:     ADDI x7, x7, 1
0x8000001C:     BLTU x5, x6, -12
0x80000010:     SB x5, 0(x7)
0x80000014:     ADDI x5, x5, 1
0x80000018:     ADDI x7, x7, 1
0x8000001C:     BLTU x5, x6, -12
0x80000010:     SB x5, 0(x7)
0x80000014:     ADDI x5, x5, 1
0x80000018:     ADDI x7, x7, 1
0x8000001C:     BLTU x5, x6, -12
0x80000010:     SB x5, 0(x7)
0x80000014:     ADDI x5, x5, 1
0x80000018:     ADDI x7, x7, 1
0x8000001C:     BLTU x5, x6, -12
0x80000010:     SB x5, 0(x7)
0x80000014:     ADDI x5, x5, 1
0x80000018:     ADDI x7, x7, 1
0x8000001C:     BLTU x5, x6, -12
0x80000010:     SB x5, 0(x7)
0x80000014:     ADDI x5, x5, 1
0x80000018:     ADDI x7, x7, 1
0x8000001C:     BLTU x5, x6, -12
0x80000010:     SB x5, 0(x7)
0x80000014:     ADDI x5, x5, 1
0x80000018:     ADDI x7, x7, 1
0x8000001C:     BLTU x5, x6, -12
0x80000010:     SB x5, 0(x7)
0x80000014:     ADDI x5, x5, 1
0x80000018:     ADDI x7, x7, 1
0x8000001C:     BLTU x5, x6, -12
0x80000010:     SB x5, 0(x7)
0x80000014:     ADDI x5, x5, 1
0x80000018:     ADDI x7, x7, 1
0x8000001C:     BLTU x5, x6, -12
0x80000010:     SB x5, 0(x7)
0x80000014:     ADDI x5, x5, 1
0x80000018:     ADDI x7, x7, 1
0x8000001C:     BLTU x5, x6, -12
0x80000010:     SB x5, 0(x7)
0x80000014:     ADDI x5, x5, 1
0x80000018:     ADDI x7, x7, 1
0x8000001C:     BLTU x5, x6, -12
0x80000010:     SB x5, 0(x7)
0x80000014:     ADDI x5, x5, 1
0x80000018:     ADDI x7, x7, 1
0x8000001C:     BLTU x5, x6, -12
0x80000010:     SB x5, 0(x7)
0x80000014:     ADDI x5, x5, 1
0x80000018:     ADDI x7, x7, 1
0x8000001C:     BLTU x5, x6, -12
0x80000010:     SB x5, 0(x7)
0x80000014:     ADDI x5, x5, 1
0x80000018:     ADDI x7, x7, 1
0x8000001C:     BLTU x5, x6, -12
0x80000010:     SB x5, 0(x7)
0x80000014:     ADDI x5, x5, 1
0x80000018:     ADDI x7, x7, 1
0x8000001C:     BLTU x5, x6, -12
0x80000010:     SB x5, 0(x7)
0x80000014:     ADDI x5, x5, 1
0x80000018:     ADDI x7, x7, 1
0x8000001C:     BLTU x5, x6, -12
0x80000010:     SB x5, 0(x7)
0x80000014:     ADDI x5, x5, 1
0x80000018:     ADDI x7, x7, 1
0x8000001C:     BLTU x5, x6, -12
0x80000010:     SB x5, 0(x7)
0x80000014:     ADDI x5, x5, 1
0x80000018:     ADDI x7, x7, 1
0x8000001C:     BLTU x5, x6, -12
0x80000010:     SB x5, 0(x7)
0x80000014:     ADDI x5, x5, 1
0x80000018:     ADDI x7, x7, 1
0x8000001C:     BLTU x5, x6, -12
0x80000020:     ADDI x10, x0, 17
0x80000024:     ADDI x11, x0, 34
0x80000028:     ADDI x12, x0, 51
0x8000002C:     ADDI x13, x0, 68
0x80000030:     ADDI x14, x0, 85
0x80000034:     ADDI x15, x0, 102
0x80000038:     ADDI x16, x0, 119
0x8000003C:     ADDI x17, x0, 136
0x80000040:     ADDI x18, x0, 153
0x80000044:     ADDI x19, x0, 170
0x80000048:     ADDI x20, x0, 187
0x8000004C:     ADDI x21, x0, 204
0x80000050:     SUB x18, x10, x0
0x80000054:     SLTIU x31, x0, 1
0x80000058:     XOR x11, x0, x15
0x8000005C:     ADDI x15, x7, 44
0x80000060:     AND x1, x20, x10
0x80000064:     SLLI x13, x19, 17
0x80000068:     ADDI x4, x16, -114
0x8000006C:     SRL x19, x11, x17
0x80000070:     AUIPC x9, 0
0x80000074:     ADDI x9, x9, 8
0x80000078:     JALR x15, 20(x9)
0x8000008C:     ORI x4, x13, 75
0x80000090:     SRAI x10, x6, 23
0x80000094:     SLT x4, x21, x5
0x80000098:     ORI x8, x17, 154
0x8000009C:     AND x0, x0, x10
0x800000A0:     SLTIU x8, x10, 157
0x800000A4:     XORI x31, x16, -130
0x800000A8:     ANDI x3, x7, 150
0x800000AC:     AND x20, x18, x18
0x800000B0:     ORI x17, x14, 85
0x800000B4:     SRAI x23, x18, 30
0x800000B8:     LUI x14, 10
0x800000BC:     SRAI x31, x9, 9
0x800000C0:     LUI x7, 524304
0x800000C4:     ADDI x7, x7, 256
0x800000C8:     SW x20, 1288(x7)
0x800000CC:     XOR x19, x14, x17
0x800000D0:     XOR x15, x10, x20
0x800000D4:     SRL x5, x20, x11
0x800000D8:     SRA x22, x19, x7
0x800000DC:     SLTU x3, x10, x1
0x800000E0:     SRLI x2, x23, 9
0x800000E4:     AUIPC x1, 1048574
0x800000E8:     SLTIU x25, x12, 85
0x800000EC:     AND x23, x15, x21
0x800000F0:     SLLI x0, x8, 23
0x800000F4:     LUI x25, 18
0x800000F8:     ADD x7, x7, x1
0x800000FC:     AUIPC x3, 1048572
0x80000100:     ADD x1, x16, x0
0x80000104:     JAL x25, 4
0x80000108:     SLLI x1, x18, 29
0x8000010C:     ANDI x24, x13, 188
0x80000110:     SLLI x23, x9, 22
0x80000114:     XORI x15, x15, -184
0x80000118:     SLTI x16, x7, -16
0x8000011C:     LUI x6, 524304
0x80000120:     ADDI x6, x6, 256
0x80000124:     SB x17, 650(x6)
0x80000128:     SLLI x11, x13, 2
0x8000012C:     ADD x2, x31, x6
0x80000130:     SRL x20, x20, x15
0x80000134:     SLL x29, x9, x19
0x80000138:     SLLI x22, x22, 18
0x8000013C:     ADDI x20, x14, -182
0x80000140:     SRLI x13, x8, 16
0x80000144:     SLLI x6, x1, 22
0x80000148:     ADD x0, x14, x15
0x8000014C:     OR x26, x23, x10
0x80000150:     XORI x9, x10, -184
0x80000154:     SLTI x19, x22, 175
0x80000158:     SRLI x14, x4, 25
0x8000015C:     ADDI x27, x23, 106
0x80000160:     ORI x26, x20, 84
0x80000164:     XOR x0, x31, x31
0x80000168:     SLTI x28, x23, 191
0x8000016C:     SLLI x9, x3, 14
0x80000170:     AUIPC x7, 0
0x80000174:     ADDI x7, x7, 8
0x80000178:     JALR x10, 16(x7)
0x80000188:     SUB x16, x23, x31
0x8000018C:     XOR x10, x31, x26
0x80000190:     SRL x0, x13, x29
0x80000194:     ADDI x23, x12, -81
0x80000198:     SRAI x8, x14, 19
0x8000019C:     ADDI x3, x25, -20
0x800001A0:     ADDI x1, x6, 168
0x800001A4:     SUB x16, x23, x22
0x800001A8:     SLTIU x17, x14, -168
0x800001AC:     AND x9, x4, x9
0x800001B0:     SLTIU x5, x27, -33
0x800001B4:     AUIPC x18, 1048565
0x800001B8:     ADDI x18, x19, 175
0x800001BC:     SLL x11, x22, x12
0x800001C0:     SLTI x7, x23, -20
0x800001C4:     AUIPC x4, 1048566
0x800001C8:     ANDI x3, x5, -94
0x800001CC:     ADDI x17, x4, -56
0x800001D0:     LUI x26, 524304
0x800001D4:     ADDI x26, x26, 256
0x800001D8:     SW x29, 1788(x26)
0x800001DC:     XOR x6, x22, x2
0x800001E0:     ORI x22, x4, -83
0x800001E4:     ANDI x3, x13, 171
0x800001E8:     SLTIU x11, x7, 37
0x800001EC:     ANDI x16, x5, 124
0x800001F0:     LUI x24, 1048573
0x800001F4:     ORI x24, x5, 183
0x800001F8:     AND x21, x31, x26
0x800001FC:     SLL x24, x18, x3
0x80000200:     SRLI x11, x9, 18
0x80000204:     XORI x20, x9, -117
0x80000208:     ORI x31, x12, 62
0x8000020C:     SLTI x19, x14, -103
0x80000210:     AUIPC x17, 1048570
0x80000214:     SRL x5, x15, x27
0x80000218:     AND x31, x19, x21
0x8000021C:     ADDI x26, x11, -124
0x80000220:     SLT x21, x31, x0
0x80000224:     ADDI x18, x18, 195
0x80000228:     SLT x29, x26, x7
0x8000022C:     SLT x3, x24, x5
0x80000230:     SLTU x4, x5, x19
0x80000234:     XOR x28, x21, x2
0x80000238:     SLLI x1, x10, 12
0x8000023C:     SLT x23, x7, x8
0x80000240:     SLTU x20, x21, x11
0x80000244:     BLTU x20, x3, 8
0x8000024C:     SLTI x25, x21, 0
0x80000250:     SLTU x18, x20, x24
0x80000254:     AUIPC x0, 0
0x80000258:     SRAI x4, x1, 7
0x8000025C:     AUIPC x6, 14
0x80000260:     OR x10, x0, x19
0x80000264:     SLTIU x8, x2, -9
0x80000268:     SRA x28, x22, x19
0x8000026C:     SLLI x22, x2, 29
0x80000270:     LUI x17, 524304
0x80000274:     ADDI x17, x17, 256
0x80000278:     LHU x11, 54(x17)
0x8000027C:     SLTI x26, x14, 86
0x80000280:     ADD x4, x27, x25
0x80000284:     SLLI x30, x18, 25
0x80000288:     ORI x19, x8, -166
0x8000028C:     SLT x22, x15, x23
0x80000290:     SLTI x19, x7, 198
0x80000294:     ANDI x6, x12, 112
0x80000298:     XORI x29, x10, 28
0x8000029C:     SLT x9, x6, x1
0x800002A0:     ANDI x9, x15, -8
0x800002A4:     ADD x18, x1, x19
0x800002A8:     SUB x21, x8, x13
0x800002AC:     AND x26, x15, x9
0x800002B0:     SLT x30, x0, x27
0x800002B4:     SRA x31, x18, x1
0x800002B8:     SLLI x1, x18, 30
0x800002BC:     AND x26, x9, x20
0x800002C0:     AND x1, x10, x15
0x800002C4:     JAL x0, 40
0x800002EC:     AND x30, x28, x24
0x800002F0:     XORI x6, x29, -17
0x800002F4:     SRAI x9, x24, 5
0x800002F8:     LUI x31, 15
0x800002FC:     SRLI x24, x27, 31
0x80000300:     AND x16, x4, x23
0x80000304:     AUIPC x4, 1048564
0x80000308:     SUB x5, x4, x9
0x8000030C:     LUI x31, 9
0x80000310:     LB x0, 166(x17)
0x80000314:     SRL x10, x29, x30
0x80000318:     SLTU x28, x22, x30
0x8000031C:     SRA x12, x20, x21
0x80000320:     SLLI x27, x15, 22
0x80000324:     SLTI x28, x18, 77
0x80000328:     SRA x14, x19, x26
0x8000032C:     SLTIU x21, x12, 15
0x80000330:     SRL x27, x18, x14
0x80000334:     BLT x2, x8, 20
0x80000338:     AND x26, x19, x17
0x8000033C:     SRLI x23, x24, 10
0x80000340:     ADD x0, x22, x2
0x80000344:     SRL x24, x10, x14
0x80000348:     OR x24, x6, x18
0x8000034C:     SRL x23, x2, x20
0x80000350:     SB x24, 182(x17)
0x80000354:     ORI x18, x17, -91
0x80000358:     XORI x25, x30, -62
0x8000035C:     AUIPC x17, 13
0x80000360:     AUIPC x7, 1048570
0x80000364:     ORI x4, x0, 149
0x80000368:     SRL x22, x3, x9
0x8000036C:     AUIPC x12, 6
0x80000370:     OR x26, x23, x23
0x80000374:     AUIPC x26, 1048560
0x80000378:     SRLI x27, x23, 27
0x8000037C:     AUIPC x24, 14
0x80000380:     SLLI x7, x21, 3
0x80000384:     SRA x9, x3, x12
0x80000388:     ANDI x12, x13, -76
0x8000038C:     SLLI x19, x2, 13
0x80000390:     SLTIU x3, x4, -150
0x80000394:     AUIPC x19, 0
0x80000398:     ADDI x19, x19, 8
0x8000039C:     JALR x31, 12(x19)
0x800003A8:     ORI x9, x31, -39
0x800003AC:     XOR x11, x8, x16
0x800003B0:     ADD x10, x27, x13
0x800003B4:     SLTIU x24, x23, -191
0x800003B8:     LUI x19, 16
0x800003BC:     XORI x10, x24, 110
0x800003C0:     XOR x30, x12, x4
0x800003C4:     SUB x21, x26, x30
0x800003C8:     SRLI x10, x17, 20
0x800003CC:     LUI x1, 1048571
0x800003D0:     ADD x2, x4, x9
0x800003D4:     LUI x20, 1048558
0x800003D8:     SLT x30, x6, x24
0x800003DC:     XOR x13, x22, x6
0x800003E0:     SLTI x1, x0, -11
0x800003E4:     ADD x7, x27, x30
0x800003E8:     LUI x26, 524304
0x800003EC:     ADDI x26, x26, 256
0x800003F0:     SB x7, 81(x26)
0x800003F4:     SRAI x2, x14, 23
0x800003F8:     ANDI x22, x29, 32
0x800003FC:     XORI x2, x19, 106
0x80000400:     SRLI x5, x18, 4
0x80000404:     SLTU x10, x24, x9
0x80000408:     ADD x3, x30, x30
0x8000040C:     XORI x28, x30, -9
0x80000410:     AND x2, x16, x13
0x80000414:     SRLI x30, x4, 20
0x80000418:     ADDI x15, x30, -10
0x8000041C:     SLTI x2, x14, 43
0x80000420:     AUIPC x23, 3
0x80000424:     SLT x29, x23, x18
0x80000428:     SLTU x15, x24, x25
0x8000042C:     XORI x16, x26, -170
0x80000430:     ORI x11, x29, -37
0x80000434:     ADDI x21, x9, -102
0x80000438:     SLTU x23, x1, x17
0x8000043C:     ADDI x30, x8, 40
0x80000440:     SRLI x7, x11, 20
0x80000444:     ADDI x6, x9, 83
0x80000448:     ANDI x20, x20, -196
0x8000044C:     SLTI x31, x14, 72
0x80000450:     SUB x15, x21, x2
0x80000454:     SRLI x23, x17, 21
0x80000458:     AUIPC x23, 0
0x8000045C:     ADDI x23, x23, 8
0x80000460:     JALR x6, 20(x23)
0x80000474:     XORI x12, x20, 22
0x80000478:     LUI x25, 13
0x8000047C:     ANDI x31, x17, 148
0x80000480:     SW x11, 928(x26)
0x80000484:     SUB x3, x17, x19
0x80000488:     SLL x24, x0, x12
0x8000048C:     XOR x31, x22, x25
0x80000490:     SLTI x3, x2, -71
0x80000494:     ADD x20, x19, x2
0x80000498:     LUI x25, 13
0x8000049C:     XORI x6, x10, 161
0x800004A0:     SLT x8, x31, x9
0x800004A4:     SRL x16, x17, x19
0x800004A8:     AUIPC x26, 0
0x800004AC:     ADDI x26, x26, 8
0x800004B0:     JALR x22, 40(x26)
0x800004D8:     ADDI x4, x16, -179
0x800004DC:     SRAI x25, x30, 31
0x800004E0:     AUIPC x2, 1048571
0x800004E4:     SLT x23, x15, x6
0x800004E8:     AND x5, x26, x17
0x800004EC:     AUIPC x20, 1048565
0x800004F0:     SRA x3, x16, x16
0x800004F4:     SRAI x26, x19, 12
0x800004F8:     XORI x29, x21, 194
0x800004FC:     AND x9, x10, x16
0x80000500:     SLLI x21, x17, 20
0x80000504:     SUB x31, x12, x1
0x80000508:     ANDI x29, x5, 84
0x8000050C:     XOR x23, x25, x19
0x80000510:     SLLI x24, x31, 22
0x80000514:     XOR x2, x28, x14
0x80000518:     SRAI x15, x8, 26
0x8000051C:     OR x6, x28, x7
0x80000520:     LUI x7, 524304
0x80000524:     ADDI x7, x7, 256
0x80000528:     SB x0, 1122(x7)
0x8000052C:     ADDI x21, x4, -161
0x80000530:     SRLI x25, x13, 18
0x80000534:     XORI x2, x27, 58
0x80000538:     ANDI x20, x5, -46
0x8000053C:     ANDI x20, x11, -70
0x80000540:     SUB x9, x6, x26
0x80000544:     XORI x27, x6, 196
0x80000548:     ANDI x21, x7, 162
0x8000054C:     SUB x3, x15, x3
0x80000550:     SRA x0, x8, x3
0x80000554:     SLLI x26, x18, 23
0x80000558:     SLTI x22, x18, -51
0x8000055C:     ORI x31, x9, -100
0x80000560:     SLTI x21, x10, -82
0x80000564:     AND x11, x4, x18
0x80000568:     SRA x2, x1, x15
0x8000056C:     SLLI x1, x8, 17
0x80000570:     LUI x10, 1048572
0x80000574:     XORI x21, x3, 111
0x80000578:     ADDI x21, x9, -164
0x8000057C:     SLLI x10, x14, 24
0x80000580:     AUIPC x11, 2
0x80000584:     XOR x12, x24, x28
0x80000588:     XOR x29, x21, x1
0x8000058C:     XOR x17, x7, x14
0x80000590:     SRAI x27, x22, 6
0x80000594:     SRL x20, x27, x0
0x80000598:     SRA x28, x10, x11
0x8000059C:     OR x28, x23, x22
0x800005A0:     JAL x16, 28
0x800005BC:     SRLI x20, x0, 20
0x800005C0:     SLTI x25, x26, 173
0x800005C4:     XOR x13, x1, x8
0x800005C8:     OR x27, x31, x16
0x800005CC:     SUB x12, x8, x2
0x800005D0:     ORI x26, x27, 141
0x800005D4:     AUIPC x0, 1048560
0x800005D8:     ADD x23, x10, x17
0x800005DC:     ORI x28, x3, -33
0x800005E0:     AND x2, x13, x22
0x800005E4:     SRL x1, x15, x25
0x800005E8:     SRA x28, x21, x4
0x800005EC:     SRAI x17, x26, 7
0x800005F0:     SRAI x12, x10, 8
0x800005F4:     LW x15, 0(x7)
0x800005F8:     SRAI x28, x15, 29
0x800005FC:     ADDI x29, x15, -56
0x80000600:     XORI x8, x1, 85
0x80000604:     SRL x31, x18, x9
0x80000608:     OR x31, x4, x7
0x8000060C:     XOR x11, x12, x25
0x80000610:     SRLI x1, x27, 2
0x80000614:     XORI x25, x7, -167
0x80000618:     LUI x11, 1
0x8000061C:     XORI x10, x11, 29
0x80000620:     XORI x12, x5, -105
0x80000624:     SRL x6, x22, x28
0x80000628:     SRLI x25, x24, 18
0x8000062C:     SUB x9, x7, x14
0x80000630:     SLT x10, x3, x29
0x80000634:     LUI x6, 1048566
0x80000638:     SUB x27, x26, x25
0x8000063C:     ANDI x2, x0, -44
0x80000640:     JAL x5, 36
0x80000664:     XOR x18, x30, x5
0x80000668:     SRL x19, x21, x12
0x8000066C:     ORI x4, x11, 131
0x80000670:     XOR x3, x22, x9
0x80000674:     SLTI x19, x30, 64
0x80000678:     ANDI x19, x11, -43
0x8000067C:     SRLI x1, x7, 25
0x80000680:     SRA x15, x7, x18
0x80000684:     SB x4, 124(x3)
0x80000688:     SRLI x27, x31, 25
0x8000068C:     SRL x8, x5, x11
0x80000690:     SUB x22, x14, x0
0x80000694:     AUIPC x29, 1048565
0x80000698:     SLTU x3, x12, x0
0x8000069C:     SRAI x2, x20, 31
0x800006A0:     SLLI x11, x21, 24
0x800006A4:     SRAI x29, x9, 18
0x800006A8:     SLTI x3, x2, 150
0x800006AC:     SLLI x28, x25, 13
0x800006B0:     LUI x28, 1048570
0x800006B4:     XORI x29, x24, 125
0x800006B8:     SRA x23, x0, x30
0x800006BC:     SLL x30, x13, x3
0x800006C0:     SLTIU x27, x11, 121
0x800006C4:     SUB x11, x29, x30
0x800006C8:     OR x12, x30, x26
0x800006CC:     ADD x27, x31, x27
0x800006D0:     SLL x10, x23, x5
0x800006D4:     SLTU x21, x2, x4
0x800006D8:     AUIPC x8, 0
0x800006DC:     ADDI x8, x8, 8
0x800006E0:     JALR x9, 8(x8)
0x800006E8:     SLLI x30, x19, 30
0x800006EC:     SLT x13, x28, x29
0x800006F0:     SLT x27, x30, x26
0x800006F4:     XORI x19, x30, 75
0x800006F8:     XOR x29, x10, x17
0x800006FC:     SLLI x14, x16, 9
0x80000700:     SLTIU x13, x7, -141
0x80000704:     LUI x30, 8
0x80000708:     SLL x18, x0, x30
0x8000070C:     LB x28, 98(x7)
0x80000710:     ADD x10, x16, x21
0x80000714:     SLL x29, x18, x23
0x80000718:     AUIPC x11, 0
0x8000071C:     ADDI x11, x11, 8
0x80000720:     JALR x18, 36(x11)
0x80000744:     SLL x1, x13, x16
0x80000748:     SUB x25, x22, x26
0x8000074C:     ADD x23, x30, x22
0x80000750:     SUB x28, x15, x24
0x80000754:     LH x8, 52(x7)
0x80000758:     SRA x16, x26, x20
0x8000075C:     ADDI x5, x31, -46
0x80000760:     SRA x8, x23, x22
0x80000764:     SRLI x26, x28, 5
0x80000768:     SLTIU x27, x21, -48
0x8000076C:     OR x29, x20, x30
0x80000770:     AND x2, x9, x0
0x80000774:     ANDI x16, x10, -198
0x80000778:     XOR x19, x18, x13
0x8000077C:     AND x20, x28, x6
0x80000780:     SLL x0, x21, x7
0x80000784:     ADDI x5, x2, 39
0x80000788:     SUB x24, x3, x19
0x8000078C:     SLTI x6, x27, 131
0x80000790:     AUIPC x15, 0
0x80000794:     ADDI x15, x15, 8
0x80000798:     JALR x10, 24(x15)
0x800007B0:     ANDI x3, x6, -174
0x800007B4:     SLTI x22, x17, 95
0x800007B8:     SLLI x7, x19, 31
0x800007BC:     OR x23, x20, x27
0x800007C0:     SRA x31, x6, x12
0x800007C4:     LUI x27, 524304
0x800007C8:     ADDI x27, x27, 256
0x800007CC:     SW x20, 1424(x27)
0x800007D0:     SRLI x28, x24, 28
0x800007D4:     ADD x28, x30, x13
0x800007D8:     SRL x19, x13, x5
0x800007DC:     AND x29, x23, x25
0x800007E0:     XOR x23, x29, x2
0x800007E4:     AND x28, x31, x24
0x800007E8:     SUB x6, x6, x15
0x800007EC:     SLLI x23, x1, 20
0x800007F0:     SUB x5, x24, x18
0x800007F4:     SUB x22, x26, x0
0x800007F8:     SRL x2, x3, x25
0x800007FC:     XORI x13, x11, -167
0x80000800:     ORI x24, x21, 87
0x80000804:     SLT x21, x6, x2
0x80000808:     AND x18, x26, x27
0x8000080C:     ADDI x29, x18, -107
0x80000810:     SLTU x27, x20, x23
0x80000814:     OR x12, x8, x19
0x80000818:     LUI x9, 1048572
0x8000081C:     SLL x30, x4, x13
0x80000820:     SLTIU x31, x20, 108
0x80000824:     ADDI x12, x30, -132
0x80000828:     SLTIU x30, x27, -28
0x8000082C:     SUB x19, x15, x8
0x80000830:     XORI x21, x9, 93
0x80000834:     SRL x18, x17, x2
0x80000838:     SLT x19, x21, x12
0x8000083C:     BLT x6, x30, 24
0x80000840:     SUB x7, x3, x30
0x80000844:     LUI x24, 1048570
0x80000848:     SLTIU x26, x15, -186
0x8000084C:     AND x22, x11, x8
0x80000850:     SLTI x22, x2, -149
0x80000854:     SUB x17, x6, x20
0x80000858:     SLTU x28, x7, x28
0x8000085C:     ORI x22, x8, -198
0x80000860:     AND x7, x9, x20
0x80000864:     SLLI x15, x23, 5
0x80000868:     ORI x6, x29, 119
0x8000086C:     SRAI x28, x23, 20
0x80000870:     LUI x15, 524304
0x80000874:     ADDI x15, x15, 256
0x80000878:     SB x9, 978(x15)
0x8000087C:     ADDI x6, x14, 76
0x80000880:     SLTI x31, x25, 68
0x80000884:     SRL x15, x30, x6
0x80000888:     SLTIU x12, x6, -191
0x8000088C:     ADDI x12, x1, 163
0x80000890:     SLT x21, x28, x23
0x80000894:     ANDI x29, x25, -156
0x80000898:     OR x4, x7, x7
0x8000089C:     ORI x11, x27, -98
0x800008A0:     SLT x20, x27, x9
0x800008A4:     SRAI x3, x12, 31
0x800008A8:     SLTIU x16, x9, 13
0x800008AC:     SLTIU x7, x6, 22
0x800008B0:     SUB x2, x18, x26
0x800008B4:     XORI x13, x15, 16
0x800008B8:     AUIPC x1, 0
0x800008BC:     ADDI x1, x1, 8
0x800008C0:     JALR x7, 16(x1)
0x800008D0:     SUB x27, x22, x13
0x800008D4:     SRL x5, x27, x1
0x800008D8:     SLTU x0, x29, x13
0x800008DC:     XORI x21, x4, -163
0x800008E0:     ADD x29, x7, x15
0x800008E4:     ANDI x6, x17, 30
0x800008E8:     SRLI x22, x16, 2
0x800008EC:     XOR x27, x14, x3
0x800008F0:     SLTI x18, x22, -131
0x800008F4:     AUIPC x13, 1048575
0x800008F8:     SLTIU x13, x24, 92
0x800008FC:     ADDI x23, x10, 134
0x80000900:     SRA x6, x18, x16
0x80000904:     XOR x22, x7, x0
0x80000908:     SLTI x31, x18, 188
0x8000090C:     SLTU x22, x6, x4
0x80000910:     SLT x28, x15, x17
0x80000914:     SUB x24, x18, x23
0x80000918:     LUI x5, 524304
0x8000091C:     ADDI x5, x5, 256
0x80000920:     SB x23, 1333(x5)
0x80000924:     SRLI x26, x19, 15
0x80000928:     SRA x5, x27, x30
0x8000092C:     SLTI x16, x2, -66
0x80000930:     ORI x16, x12, 113
0x80000934:     SRA x28, x23, x3
0x80000938:     OR x16, x5, x10
0x8000093C:     SLT x16, x21, x30
0x80000940:     ADDI x23, x25, 198
0x80000944:     SLL x29, x11, x3
0x80000948:     SRL x2, x10, x8
0x8000094C:     SLTI x15, x5, 47
0x80000950:     ORI x9, x23, 23
0x80000954:     SLTIU x2, x6, -106
0x80000958:     XORI x0, x24, -137
0x8000095C:     SLTU x30, x21, x10
0x80000960:     LUI x2, 7
0x80000964:     ANDI x12, x11, -136
0x80000968:     XORI x8, x27, 58
0x8000096C:     AUIPC x8, 5
0x80000970:     JAL x12, 16
0x80000980:     SLLI x19, x30, 2
0x80000984:     SLTI x5, x21, 56
0x80000988:     SUB x28, x2, x14
0x8000098C:     SLTIU x31, x13, 176
0x80000990:     SRA x11, x18, x13
0x80000994:     SLL x29, x18, x4
0x80000998:     AUIPC x15, 1048554
0x8000099C:     LUI x15, 524304
0x800009A0:     ADDI x15, x15, 256
0x800009A4:     SB x15, 1593(x15)
0x800009A8:     AND x19, x0, x21
0x800009AC:     SLT x23, x6, x8
0x800009B0:     ORI x31, x7, 173
0x800009B4:     ORI x7, x25, -50
0x800009B8:     ADDI x5, x11, -106
0x800009BC:     SRAI x13, x15, 31
0x800009C0:     SLTI x28, x25, 54
0x800009C4:     ADDI x30, x1, -2
0x800009C8:     ORI x4, x29, -196
0x800009CC:     SRA x20, x2, x4
0x800009D0:     SRL x25, x9, x22
0x800009D4:     ANDI x19, x14, 34
0x800009D8:     SLTU x1, x31, x5
0x800009DC:     SLLI x19, x12, 9
0x800009E0:     BLT x25, x10, 36
0x800009E4:     AND x28, x7, x7
0x800009E8:     SLL x22, x16, x6
0x800009EC:     XORI x31, x9, 52
0x800009F0:     SLTI x23, x3, -156
0x800009F4:     SLLI x2, x7, 25
0x800009F8:     SUB x29, x29, x2
0x800009FC:     SLL x19, x26, x31
0x80000A00:     SRAI x16, x4, 10
0x80000A04:     AND x8, x28, x7
0x80000A08:     SRAI x31, x13, 22
0x80000A0C:     LHU x5, 12(x15)
0x80000A10:     SRL x4, x4, x1
0x80000A14:     OR x8, x22, x6
0x80000A18:     SLLI x30, x1, 7
0x80000A1C:     SLTIU x2, x9, 101
0x80000A20:     XORI x28, x18, -73
0x80000A24:     SRLI x17, x2, 29
0x80000A28:     LUI x6, 11
0x80000A2C:     LUI x10, 17
0x80000A30:     SLTU x2, x0, x14
0x80000A34:     OR x7, x5, x17
0x80000A38:     SLT x17, x2, x9
0x80000A3C:     LUI x12, 2
0x80000A40:     SLTI x22, x26, -92
0x80000A44:     SRA x12, x4, x15
0x80000A48:     XORI x7, x31, 141
0x80000A4C:     SLL x13, x6, x15
0x80000A50:     SRL x21, x12, x27
0x80000A54:     ORI x14, x2, -169
0x80000A58:     XORI x7, x31, -163
0x80000A5C:     AUIPC x18, 0
0x80000A60:     ADDI x18, x18, 8
0x80000A64:     JALR x16, 28(x18)
0x80000A80:     SUB x4, x29, x19
0x80000A84:     SLTIU x9, x20, -124
0x80000A88:     SLTU x26, x5, x1
0x80000A8C:     SRA x12, x6, x12
0x80000A90:     ADD x27, x12, x27
0x80000A94:     ADD x28, x30, x18
0x80000A98:     SLTIU x8, x8, 184
0x80000A9C:     ORI x29, x3, 155
0x80000AA0:     AND x22, x4, x15
0x80000AA4:     XORI x2, x17, -54
0x80000AA8:     SLTIU x23, x20, 137
0x80000AAC:     SRAI x7, x4, 0
0x80000AB0:     LUI x23, 0
0x80000AB4:     ADDI x11, x9, 77
0x80000AB8:     LH x22, 228(x15)
0x80000ABC:     SLTI x31, x24, -151
0x80000AC0:     ORI x0, x27, -9
0x80000AC4:     ADDI x1, x10, 132
0x80000AC8:     BNE x20, x0, 8
0x80000ACC:     XORI x29, x6, 93
0x80000AD0:     SRLI x3, x7, 9
0x80000AD4:     LUI x4, 0
0x80000AD8:     ADDI x14, x29, 4
0x80000ADC:     OR x30, x5, x15
0x80000AE0:     SLT x23, x22, x26
0x80000AE4:     SLTI x16, x9, -36
0x80000AE8:     SLL x16, x5, x26
0x80000AEC:     XORI x31, x9, -1
0x80000AF0:     SUB x26, x22, x5
0x80000AF4:     XOR x2, x17, x22
0x80000AF8:     LUI x18, 1048562
0x80000AFC:     XORI x28, x3, -136
0x80000B00:     AND x12, x20, x6
0x80000B04:     SLLI x22, x21, 16
0x80000B08:     SLTI x19, x13, -32
0x80000B0C:     ORI x10, x4, -25
0x80000B10:     SW x21, 812(x15)
0x80000B14:     AND x13, x27, x10
0x80000B18:     AND x26, x24, x26
0x80000B1C:     ANDI x23, x27, -146
0x80000B20:     OR x0, x26, x28
0x80000B24:     SLLI x4, x18, 19
0x80000B28:     OR x4, x21, x0
0x80000B2C:     SLTI x27, x24, 63
0x80000B30:     SLTU x24, x20, x30
0x80000B34:     SLT x4, x11, x25
0x80000B38:     SUB x30, x16, x13
0x80000B3C:     XOR x24, x25, x4
0x80000B40:     XORI x9, x23, -103
0x80000B44:     SLTIU x0, x6, 119
0x80000B48:     SLTI x12, x26, 116
0x80000B4C:     AUIPC x10, 1048562
0x80000B50:     ADDI x26, x0, 26
0x80000B54:     SRLI x10, x12, 3
0x80000B58:     SRLI x22, x11, 18
0x80000B5C:     SRL x15, x28, x26
0x80000B60:     SRL x21, x26, x19
0x80000B64:     SRLI x29, x24, 18
0x80000B68:     SUB x14, x15, x11
0x80000B6C:     SUB x31, x6, x3
0x80000B70:     OR x18, x28, x25
0x80000B74:     LUI x7, 3
0x80000B78:     SLT x10, x29, x31
0x80000B7C:     AUIPC x11, 0
0x80000B80:     XOR x14, x0, x17
0x80000B84:     SUB x24, x1, x24
0x80000B88:     SRL x12, x31, x7
0x80000B8C:     SRA x0, x21, x31
0x80000B90:     JAL x9, 8
0x80000B98:     ORI x22, x19, -110
0x80000B9C:     ADD x5, x2, x28
0x80000BA0:     ADDI x17, x14, -60
0x80000BA4:     XORI x31, x4, 41
0x80000BA8:     XOR x27, x0, x28
0x80000BAC:     SLLI x0, x21, 13
0x80000BB0:     XORI x24, x11, 93
0x80000BB4:     SLT x25, x19, x18
0x80000BB8:     OR x29, x15, x19
0x80000BBC:     ADD x15, x14, x18
0x80000BC0:     SLT x20, x8, x1
0x80000BC4:     AND x7, x30, x11
0x80000BC8:     LUI x26, 7
0x80000BCC:     SLTIU x18, x2, 101
0x80000BD0:     SLT x13, x27, x11
0x80000BD4:     XORI x1, x19, 31
0x80000BD8:     ADDI x25, x4, 127
0x80000BDC:     SRAI x24, x19, 11
0x80000BE0:     ANDI x5, x8, 51
0x80000BE4:     AUIPC x31, 1048563
0x80000BE8:     LUI x21, 524304
0x80000BEC:     ADDI x21, x21, 256
0x80000BF0:     SH x25, 662(x21)
0x80000BF4:     SRL x5, x28, x28
0x80000BF8:     SRA x22, x11, x28
0x80000BFC:     ADDI x4, x5, -36
0x80000C00:     SRA x19, x1, x9
0x80000C04:     ADDI x31, x2, 64
0x80000C08:     ADDI x23, x7, -132
0x80000C0C:     AUIPC x2, 1048568
0x80000C10:     SLTU x17, x11, x16
0x80000C14:     ADDI x1, x4, -78
0x80000C18:     XORI x24, x15, -138
0x80000C1C:     SRL x2, x1, x22
0x80000C20:     SRL x5, x29, x20
0x80000C24:     SLL x23, x18, x28
0x80000C28:     JAL x25, 4
0x80000C2C:     ORI x2, x15, 122
0x80000C30:     ADDI x12, x14, -16
0x80000C34:     SRAI x20, x13, 22
0x80000C38:     ADD x8, x9, x18
0x80000C3C:     SRLI x12, x16, 24
0x80000C40:     LB x18, 34(x21)
0x80000C44:     AUIPC x0, 5
0x80000C48:     SRLI x28, x14, 16
0x80000C4C:     SLT x1, x12, x24
0x80000C50:     SRLI x16, x10, 31
0x80000C54:     ORI x11, x5, 133
0x80000C58:     SLTI x22, x4, 146
0x80000C5C:     SLTI x20, x20, 15
0x80000C60:     SLLI x17, x19, 3
0x80000C64:     LUI x18, 1048555
0x80000C68:     SRL x29, x9, x6
0x80000C6C:     SRLI x9, x7, 12
0x80000C70:     SRLI x14, x28, 9
0x80000C74:     SRLI x28, x13, 19
0x80000C78:     SLTU x11, x29, x19
0x80000C7C:     XOR x25, x5, x19
0x80000C80:     SRL x24, x20, x30
0x80000C84:     SUB x20, x17, x15
0x80000C88:     SLLI x2, x19, 3
0x80000C8C:     XOR x20, x7, x31
0x80000C90:     SRA x17, x6, x2
0x80000C94:     AUIPC x22, 0
0x80000C98:     ADDI x22, x22, 8
0x80000C9C:     JALR x4, 20(x22)
0x80000CB0:     SUB x5, x9, x22
0x80000CB4:     SLTU x21, x27, x16
0x80000CB8:     SLTIU x31, x21, 30
0x80000CBC:     LUI x8, 524304
0x80000CC0:     ADDI x8, x8, 256
0x80000CC4:     LW x23, 80(x8)
0x80000CC8:     XOR x19, x14, x6
0x80000CCC:     LUI x20, 1048569
0x80000CD0:     AUIPC x23, 0
0x80000CD4:     SRA x27, x30, x29
0x80000CD8:     ORI x10, x11, 179
0x80000CDC:     SRA x3, x22, x25
0x80000CE0:     ADDI x21, x22, 103
0x80000CE4:     SLL x18, x25, x29
0x80000CE8:     SLL x17, x11, x23
0x80000CEC:     OR x6, x28, x2
0x80000CF0:     ORI x26, x19, 8
0x80000CF4:     SUB x21, x13, x5
0x80000CF8:     SRAI x23, x6, 13
0x80000CFC:     SRL x18, x5, x20
0x80000D00:     JAL x5, 12
0x80000D0C:     LUI x2, 1048575
0x80000D10:     SRA x2, x24, x26
0x80000D14:     ORI x5, x28, 131
0x80000D18:     SUB x4, x11, x25
0x80000D1C:     SRAI x25, x9, 19
0x80000D20:     LH x30, 218(x8)
0x80000D24:     SLLI x11, x31, 18
0x80000D28:     SRAI x2, x3, 2
0x80000D2C:     SLTI x25, x10, 152
0x80000D30:     XOR x14, x0, x10
0x80000D34:     SRAI x31, x29, 9
0x80000D38:     SRA x26, x23, x26
0x80000D3C:     SLTI x1, x14, 80
0x80000D40:     SLLI x31, x22, 20
0x80000D44:     OR x17, x17, x13
0x80000D48:     AUIPC x2, 0
0x80000D4C:     ADDI x2, x2, 8
0x80000D50:     JALR x19, 28(x2)
0x80000D6C:     SRAI x18, x18, 14
0x80000D70:     SLTI x23, x28, -144
0x80000D74:     SLL x17, x28, x5
0x80000D78:     ADD x10, x17, x24
0x80000D7C:     SLTIU x22, x31, -60
0x80000D80:     SRA x29, x11, x0
0x80000D84:     ORI x26, x4, -145
0x80000D88:     XOR x11, x10, x19
0x80000D8C:     LB x16, 1122(x8)
0x80000D90:     SRLI x26, x21, 13
0x80000D94:     SRLI x26, x20, 17
0x80000D98:     XORI x1, x7, -185
0x80000D9C:     LUI x28, 1048562
0x80000DA0:     OR x29, x13, x10
0x80000DA4:     XORI x12, x4, 15
0x80000DA8:     AND x7, x18, x3
0x80000DAC:     ADD x14, x29, x29
0x80000DB0:     XORI x12, x25, -188
0x80000DB4:     ORI x30, x5, 65
0x80000DB8:     ADD x12, x9, x16
0x80000DBC:     OR x10, x25, x9
0x80000DC0:     SLL x11, x0, x10
0x80000DC4:     SLT x21, x1, x9
0x80000DC8:     AUIPC x15, 1048573
0x80000DCC:     SRL x4, x5, x15
0x80000DD0:     SLTIU x7, x21, 196
0x80000DD4:     SLTU x14, x22, x26
0x80000DD8:     SUB x6, x6, x12
0x80000DDC:     XOR x17, x17, x18
0x80000DE0:     SRAI x14, x9, 16
0x80000DE4:     LUI x4, 1048575
0x80000DE8:     SRAI x19, x6, 23
0x80000DEC:     SLTU x4, x11, x27
0x80000DF0:     AUIPC x12, 1048568
0x80000DF4:     ORI x8, x11, -171
0x80000DF8:     SLT x30, x4, x21
0x80000DFC:     SLLI x19, x6, 8
0x80000E00:     SRA x20, x24, x17
0x80000E04:     SLL x8, x6, x19
0x80000E08:     SRLI x7, x26, 1
0x80000E0C:     SLTIU x31, x22, 135
0x80000E10:     SRL x2, x11, x2
0x80000E14:     SRAI x26, x8, 22
0x80000E18:     ANDI x10, x29, 110
0x80000E1C:     SLTU x17, x13, x13
0x80000E20:     AUIPC x29, 0
0x80000E24:     ADDI x29, x29, 8
0x80000E28:     JALR x31, 40(x29)
0x80000E50:     SLTI x26, x7, 151
0x80000E54:     SLL x3, x12, x5
0x80000E58:     SRL x17, x26, x30
0x80000E5C:     SRL x16, x20, x10
0x80000E60:     SLTIU x12, x30, 34
0x80000E64:     SLTU x21, x23, x18
0x80000E68:     SRA x2, x24, x26
0x80000E6C:     SLTIU x20, x1, -63
0x80000E70:     SLT x23, x15, x1
0x80000E74:     LUI x26, 524304
0x80000E78:     ADDI x26, x26, 256
0x80000E7C:     LB x23, 90(x26)
0x80000E80:     OR x31, x15, x22
0x80000E84:     SRAI x9, x11, 6
0x80000E88:     SRA x16, x31, x25
0x80000E8C:     SRA x12, x16, x6
0x80000E90:     SLLI x10, x6, 0
0x80000E94:     ORI x11, x25, 194
0x80000E98:     SUB x26, x11, x25
0x80000E9C:     SLLI x31, x31, 5
0x80000EA0:     SLLI x25, x20, 20
0x80000EA4:     SLTI x28, x30, 161
0x80000EA8:     XOR x3, x2, x24
0x80000EAC:     SLT x26, x28, x13
0x80000EB0:     SRA x14, x31, x0
0x80000EB4:     ANDI x14, x5, 51
0x80000EB8:     OR x15, x27, x24
0x80000EBC:     XORI x4, x27, -15
0x80000EC0:     SLTIU x21, x16, -160
0x80000EC4:     SLT x28, x20, x17
0x80000EC8:     ORI x13, x27, 139
0x80000ECC:     SUB x16, x22, x30
0x80000ED0:     SUB x18, x29, x27
0x80000ED4:     OR x12, x15, x19
0x80000ED8:     SRLI x28, x9, 8
0x80000EDC:     ORI x2, x19, -43
0x80000EE0:     SLLI x23, x2, 7
0x80000EE4:     SUB x1, x13, x27
0x80000EE8:     ADDI x21, x30, -157
0x80000EEC:     ADDI x23, x24, 71
0x80000EF0:     JAL x29, 8
0x80000EF8:     OR x31, x24, x10
0x80000EFC:     ORI x0, x17, 189
0x80000F00:     LUI x17, 1048557
0x80000F04:     XORI x22, x5, 69
0x80000F08:     XORI x13, x14, -61
0x80000F0C:     SRL x12, x22, x28
0x80000F10:     SRL x27, x14, x14
0x80000F14:     SRAI x21, x2, 26
0x80000F18:     SLTIU x20, x2, 55
0x80000F1C:     ADDI x1, x0, 67
0x80000F20:     SRLI x20, x22, 15
0x80000F24:     AUIPC x7, 1048568
0x80000F28:     SRLI x22, x23, 7
0x80000F2C:     ADD x20, x3, x1
0x80000F30:     AUIPC x0, 1
0x80000F34:     SLT x25, x21, x12
0x80000F38:     LUI x18, 524304
0x80000F3C:     ADDI x18, x18, 256
0x80000F40:     LHU x3, 150(x18)
0x80000F44:     SRL x4, x13, x18
0x80000F48:     SLTI x29, x22, 114
0x80000F4C:     SRL x29, x13, x29
0x80000F50:     ADD x14, x23, x29
0x80000F54:     SRAI x23, x25, 10
0x80000F58:     SRAI x2, x10, 18
0x80000F5C:     XORI x14, x11, 112
0x80000F60:     SRLI x22, x2, 14
0x80000F64:     SLTI x9, x28, 168
0x80000F68:     ADD x17, x12, x7
0x80000F6C:     ADDI x23, x19, 195
0x80000F70:     AUIPC x21, 3
0x80000F74:     OR x24, x3, x21
0x80000F78:     OR x12, x15, x2
0x80000F7C:     SLT x10, x25, x29
0x80000F80:     ADDI x30, x7, 33
0x80000F84:     SRLI x11, x26, 2
0x80000F88:     SLTU x1, x26, x27
0x80000F8C:     ORI x6, x16, 75
0x80000F90:     XORI x20, x19, -163
0x80000F94:     XORI x21, x9, -175
0x80000F98:     BLTU x6, x9, 40
0x80000F9C:     XOR x15, x10, x5
0x80000FA0:     SRL x12, x20, x26
0x80000FA4:     LH x19, 82(x18)
0x80000FA8:     LUI x23, 1048566
0x80000FAC:     SRLI x16, x21, 2
0x80000FB0:     AND x7, x30, x27
0x80000FB4:     SRAI x28, x3, 15
0x80000FB8:     AUIPC x2, 1048561
0x80000FBC:     SRLI x28, x4, 23
0x80000FC0:     SRA x31, x8, x0
0x80000FC4:     ANDI x30, x7, -120
0x80000FC8:     SRAI x20, x0, 7
0x80000FCC:     ADD x13, x10, x8
0x80000FD0:     SRAI x6, x22, 27
0x80000FD4:     OR x31, x11, x5
0x80000FD8:     JAL x29, 12
0x80000FE4:     LUI x24, 3
0x80000FE8:     ADD x7, x13, x29
0x80000FEC:     SLTU x10, x6, x30
0x80000FF0:     SLTU x14, x25, x13
0x80000FF4:     SLTIU x10, x11, 164
0x80000FF8:     ADD x11, x9, x31
0x80000FFC:     LB x9, 225(x18)
0x80001000:     LUI x3, 7
0x80001004:     ADD x13, x2, x4
0x80001008:     SLTIU x15, x20, -94
0x8000100C:     SLLI x19, x14, 10
0x80001010:     ADDI x21, x29, 153
0x80001014:     AUIPC x5, 10
0x80001018:     SRL x10, x28, x12
0x8000101C:     XOR x3, x11, x23
0x80001020:     SRAI x16, x4, 24
0x80001024:     ADD x20, x8, x12
0x80001028:     SLTI x7, x15, 192
0x8000102C:     SLTU x29, x14, x3
0x80001030:     SRA x30, x4, x29
0x80001034:     SLTIU x22, x14, -64
0x80001038:     SRL x11, x2, x30
0x8000103C:     ANDI x8, x24, 41
0x80001040:     SUB x21, x13, x7
0x80001044:     AND x18, x10, x22
0x80001048:     SRLI x8, x31, 31
0x8000104C:     SRA x22, x2, x16
0x80001050:     ADD x10, x3, x5
0x80001054:     SLT x11, x9, x15
0x80001058:     SLTIU x16, x6, -152
0x8000105C:     SLTU x17, x6, x29
0x80001060:     ORI x31, x8, -123
0x80001064:     SLTIU x31, x23, 50
0x80001068:     SLTI x15, x31, 85
0x8000106C:     SLTI x3, x18, 18
0x80001070:     SUB x29, x31, x20
0x80001074:     SLTU x22, x2, x6
0x80001078:     AUIPC x0, 4
0x8000107C:     SLTIU x15, x5, 198
0x80001080:     AUIPC x10, 0
0x80001084:     ADDI x10, x10, 8
0x80001088:     JALR x2, 4(x10)
0x8000108C:     SLTI x10, x11, 92
0x80001090:     ANDI x30, x5, -60
0x80001094:     AUIPC x7, 27
0x80001098:     SRLI x21, x6, 13
0x8000109C:     AUIPC x29, 2
0x800010A0:     ADD x17, x3, x21
0x800010A4:     LUI x29, 524304
0x800010A8:     ADDI x29, x29, 256
0x800010AC:     SH x31, 1182(x29)
0x800010B0:     SLLI x8, x26, 18
0x800010B4:     SLTIU x19, x3, -92
0x800010B8:     SLTI x22, x9, 5
0x800010BC:     ADD x27, x20, x5
0x800010C0:     AUIPC x4, 8
0x800010C4:     ORI x20, x2, -45
0x800010C8:     XOR x14, x9, x16
0x800010CC:     SLTU x17, x5, x8
0x800010D0:     ORI x10, x17, 140
0x800010D4:     ANDI x15, x14, 184
0x800010D8:     ANDI x24, x28, 128
0x800010DC:     XOR x19, x1, x31
0x800010E0:     LUI x12, 1048565
0x800010E4:     ADDI x10, x15, 25
0x800010E8:     SLTI x15, x27, -162
0x800010EC:     LUI x16, 3
0x800010F0:     ORI x12, x13, -126
0x800010F4:     SLT x26, x7, x9
0x800010F8:     SLT x2, x25, x15
0x800010FC:     XORI x4, x3, -38
0x80001100:     SLTIU x10, x30, 112
0x80001104:     AUIPC x3, 2
0x80001108:     SLL x31, x17, x12
0x8000110C:     AUIPC x13, 1048573
0x80001110:     SLL x26, x30, x1
0x80001114:     SLL x2, x29, x6
0x80001118:     XORI x4, x10, -177
0x8000111C:     AUIPC x29, 1048571
0x80001120:     XOR x10, x26, x26
0x80001124:     LUI x18, 1048563
0x80001128:     XORI x21, x29, -109
0x8000112C:     OR x12, x27, x25
0x80001130:     XOR x16, x9, x12
0x80001134:     SRAI x10, x24, 26
0x80001138:     SLL x17, x22, x27
0x8000113C:     OR x31, x19, x12
0x80001140:     SRAI x2, x5, 27
0x80001144:     XOR x2, x11, x5
0x80001148:     BEQ x30, x6, 32
0x8000114C:     ANDI x16, x30, 8
0x80001150:     SRLI x9, x1, 9
0x80001154:     LUI x17, 1048571
0x80001158:     AUIPC x31, 1048572
0x8000115C:     SLTU x18, x28, x14
0x80001160:     XOR x1, x28, x9
0x80001164:     SLL x20, x4, x21
0x80001168:     ADD x12, x14, x5
0x8000116C:     SLTI x13, x10, 21
0x80001170:     ORI x31, x27, -166
0x80001174:     SLTU x25, x18, x27
0x80001178:     LUI x16, 524304
0x8000117C:     ADDI x16, x16, 256
0x80001180:     LW x2, 112(x16)
0x80001184:     ANDI x13, x13, 45
0x80001188:     ADD x23, x17, x15
0x8000118C:     SLTI x12, x18, -46
0x80001190:     LUI x11, 1048575
0x80001194:     SLLI x7, x5, 16
0x80001198:     SRLI x23, x10, 16
0x8000119C:     SRAI x11, x18, 14
0x800011A0:     ADDI x9, x7, -134
0x800011A4:     SLTU x27, x18, x4
0x800011A8:     XOR x13, x11, x8
0x800011AC:     OR x13, x18, x14
0x800011B0:     XORI x20, x1, -39
0x800011B4:     AUIPC x28, 1048552
0x800011B8:     SRLI x29, x8, 18
0x800011BC:     SLTIU x16, x0, 63
0x800011C0:     SUB x19, x3, x12
0x800011C4:     SRAI x19, x6, 14
0x800011C8:     LUI x25, 5
0x800011CC:     SLTI x26, x14, 89
0x800011D0:     LUI x20, 9
0x800011D4:     ADD x14, x27, x22
0x800011D8:     XOR x13, x4, x6
0x800011DC:     SRAI x30, x24, 26
0x800011E0:     JAL x23, 28
0x800011FC:     XOR x5, x7, x31
0x80001200:     OR x17, x18, x7
0x80001204:     AND x0, x27, x24
0x80001208:     SLLI x20, x14, 31
0x8000120C:     ORI x26, x18, -192
0x80001210:     ORI x3, x27, 73
0x80001214:     SUB x24, x9, x3
0x80001218:     ADD x12, x17, x14
0x8000121C:     LUI x9, 524304
0x80001220:     ADDI x9, x9, 256
0x80001224:     SB x20, 1384(x9)
0x80001228:     SLT x17, x1, x9
0x8000122C:     SLT x1, x15, x6
0x80001230:     ANDI x15, x31, 60
0x80001234:     AUIPC x25, 1048566
0x80001238:     ORI x10, x27, 117
0x8000123C:     SRLI x27, x9, 18
0x80001240:     SLL x2, x31, x15
0x80001244:     SLTU x17, x24, x6
0x80001248:     SRLI x24, x1, 18
0x8000124C:     BEQ x24, x27, 20
0x80001250:     ORI x28, x23, -114
0x80001254:     ANDI x3, x5, -133
0x80001258:     SLL x28, x4, x9
0x8000125C:     SLTI x27, x20, -154
0x80001260:     ANDI x26, x4, 187
0x80001264:     SH x21, 932(x9)
0x80001268:     SRLI x8, x8, 6
0x8000126C:     SUB x10, x26, x21
0x80001270:     JAL x29, 8
0x80001278:     SRAI x11, x29, 30
0x8000127C:     OR x16, x16, x13
0x80001280:     ANDI x8, x2, -4
0x80001284:     SB x9, 1754(x9)
0x80001288:     AND x4, x10, x23
0x8000128C:     XORI x16, x2, -166
0x80001290:     XORI x23, x31, -176
0x80001294:     BEQ x15, x20, 12
0x80001298:     LUI x12, 16
0x8000129C:     ADD x5, x20, x21
0x800012A0:     SLTIU x27, x9, -124
0x800012A4:     ORI x5, x9, -138
0x800012A8:     SRLI x15, x2, 16
0x800012AC:     XORI x16, x5, 100
0x800012B0:     SRLI x30, x20, 20
0x800012B4:     ADDI x7, x7, 79
0x800012B8:     SRA x10, x6, x29
0x800012BC:     SRLI x5, x6, 18
0x800012C0:     ORI x22, x22, -24
0x800012C4:     SUB x4, x0, x2
0x800012C8:     SLLI x25, x12, 25
0x800012CC:     AUIPC x0, 1048563
0x800012D0:     XOR x1, x12, x31
0x800012D4:     ADD x11, x27, x28
0x800012D8:     AND x20, x27, x15
0x800012DC:     SRLI x30, x22, 22
0x800012E0:     SRAI x26, x3, 20
0x800012E4:     SW x0, 1720(x9)
0x800012E8:     ADD x31, x27, x12
0x800012EC:     SLTIU x13, x24, 19
0x800012F0:     SRAI x1, x7, 25
0x800012F4:     SRLI x31, x21, 21
0x800012F8:     SLL x22, x4, x28
0x800012FC:     SLTI x8, x7, 28
0x80001300:     XOR x21, x10, x14
0x80001304:     AUIPC x2, 1048560
0x80001308:     OR x16, x14, x19
0x8000130C:     SRL x6, x31, x9
0x80001310:     AUIPC x3, 12
0x80001314:     ADDI x11, x3, -32
0x80001318:     AUIPC x13, 0
0x8000131C:     ADDI x13, x13, 8
0x80001320:     JALR x26, 24(x13)
0x80001338:     OR x15, x4, x7
0x8000133C:     ADDI x31, x14, 52
0x80001340:     ADDI x21, x23, -156
0x80001344:     SRL x14, x14, x25
0x80001348:     SRA x11, x9, x3
0x8000134C:     OR x18, x13, x31
0x80001350:     SLLI x13, x28, 24
0x80001354:     SLTIU x31, x17, 159
0x80001358:     ADDI x15, x7, 63
0x8000135C:     SLLI x31, x25, 20
0x80001360:     ORI x22, x25, -94
0x80001364:     SRL x26, x4, x26
0x80001368:     ADD x3, x21, x16
0x8000136C:     SLTU x5, x11, x28
0x80001370:     AUIPC x18, 6
0x80001374:     SRA x0, x9, x14
0x80001378:     SLTI x27, x16, -120
0x8000137C:     ANDI x14, x8, 54
0x80001380:     ANDI x11, x3, 26
0x80001384:     LUI x25, 1048572
0x80001388:     LH x16, 1288(x9)
0x8000138C:     SRAI x8, x6, 13
0x80001390:     AND x27, x22, x19
0x80001394:     AUIPC x25, 3
0x80001398:     LUI x5, 20
0x8000139C:     SLTI x28, x16, 150
0x800013A0:     SRAI x3, x0, 15
0x800013A4:     ADDI x29, x12, 199
0x800013A8:     LUI x14, 1048571
0x800013AC:     SLT x18, x21, x7
0x800013B0:     AND x21, x20, x20
0x800013B4:     AUIPC x16, 0
0x800013B8:     ADDI x16, x16, 8
0x800013BC:     JALR x22, 8(x16)
0x800013C4:     OR x28, x18, x14
0x800013C8:     LUI x23, 1048554
0x800013CC:     AND x15, x17, x18
0x800013D0:     SLT x0, x3, x21
0x800013D4:     XOR x10, x4, x14
0x800013D8:     SUB x13, x29, x25
0x800013DC:     SLL x25, x13, x11
0x800013E0:     XORI x0, x29, -156
0x800013E4:     ADDI x5, x4, 131
0x800013E8:     ANDI x6, x4, 25
0x800013EC:     ORI x26, x20, -198
0x800013F0:     AUIPC x5, 1048555
0x800013F4:     SB x25, 1932(x9)
0x800013F8:     SLTIU x24, x28, 143
0x800013FC:     ADDI x25, x10, 39
0x80001400:     ADDI x10, x15, -142
0x80001404:     SRLI x30, x9, 20
0x80001408:     SLLI x20, x20, 0
0x8000140C:     SUB x11, x8, x30
0x80001410:     OR x23, x25, x27
0x80001414:     ANDI x16, x16, -35
0x80001418:     SLLI x13, x30, 22
0x8000141C:     SRAI x16, x8, 28
0x80001420:     SRL x27, x9, x28
0x80001424:     AND x14, x3, x10
0x80001428:     SUB x0, x2, x12
0x8000142C:     SRL x17, x27, x30
0x80001430:     AUIPC x14, 1048565
0x80001434:     ORI x17, x10, -9
0x80001438:     LUI x27, 1048559
0x8000143C:     ANDI x7, x15, 15
0x80001440:     SRAI x21, x1, 31
0x80001444:     LUI x15, 1048562
0x80001448:     LUI x16, 8
0x8000144C:     XORI x17, x26, -54
0x80001450:     ADDI x24, x29, 139
0x80001454:     SRL x22, x20, x15
0x80001458:     SRLI x22, x22, 8
0x8000145C:     SLL x15, x6, x21
0x80001460:     AND x23, x23, x4
0x80001464:     SRAI x19, x12, 0
0x80001468:     XORI x14, x15, 117
0x8000146C:     ORI x13, x11, 168
0x80001470:     SLLI x17, x15, 28
0x80001474:     BNE x4, x5, 40
0x8000149C:     AUIPC x3, 7
0x800014A0:     AUIPC x3, 1048567
0x800014A4:     SB x7, 204(x9)
0x800014A8:     XOR x23, x5, x0
0x800014AC:     SRLI x18, x7, 3
0x800014B0:     ADDI x4, x0, -99
0x800014B4:     SRLI x3, x14, 13
0x800014B8:     SRL x27, x5, x27
0x800014BC:     SRL x11, x23, x23
0x800014C0:     AND x15, x20, x3
0x800014C4:     SLTU x21, x13, x20
0x800014C8:     SRAI x14, x4, 7
0x800014CC:     XORI x30, x31, -160
0x800014D0:     AUIPC x16, 16
0x800014D4:     ORI x16, x5, -194
0x800014D8:     LUI x23, 1048570
0x800014DC:     SRA x26, x26, x3
0x800014E0:     SLTIU x27, x23, -94
0x800014E4:     ADD x30, x0, x1
0x800014E8:     AND x20, x17, x20
0x800014EC:     ADDI x23, x7, 50
0x800014F0:     BNE x17, x1, 4
0x800014F4:     AUIPC x17, 1
0x800014F8:     SW x16, 932(x9)
0x800014FC:     SRAI x16, x14, 20
0x80001500:     SUB x27, x20, x23
0x80001504:     SLTIU x0, x13, -96
0x80001508:     SLTI x20, x16, 197
0x8000150C:     OR x7, x25, x2
0x80001510:     SRA x3, x0, x17
0x80001514:     SRAI x31, x19, 26
0x80001518:     XORI x3, x31, 181
0x8000151C:     XOR x11, x19, x25
0x80001520:     SLTI x7, x18, 40
0x80001524:     ADDI x31, x25, 185
0x80001528:     SLTI x2, x15, -113
0x8000152C:     AUIPC x9, 0
0x80001530:     ADDI x9, x9, 8
0x80001534:     JALR x12, 12(x9)
0x80001540:     SRAI x2, x10, 1
0x80001544:     ANDI x28, x19, 58
0x80001548:     ADDI x10, x8, -136
0x8000154C:     SLLI x3, x0, 24
0x80001550:     SRA x9, x16, x22
0x80001554:     AND x0, x25, x31
0x80001558:     AUIPC x19, 18
0x8000155C:     SLTI x3, x16, -169
0x80001560:     SUB x30, x21, x24
0x80001564:     OR x9, x31, x19
0x80001568:     SLT x12, x10, x24
0x8000156C:     XORI x26, x30, 186
0x80001570:     SUB x18, x18, x23
0x80001574:     AND x17, x26, x10
0x80001578:     SRA x22, x14, x24
0x8000157C:     SLTU x8, x21, x10
0x80001580:     SRL x31, x4, x0
0x80001584:     ADD x0, x17, x4
0x80001588:     LUI x4, 524304
0x8000158C:     ADDI x4, x4, 256
0x80001590:     LH x17, 126(x4)
0x80001594:     ADD x3, x20, x12
0x80001598:     LUI x30, 2
0x8000159C:     SLTU x13, x17, x15
0x800015A0:     SLTU x2, x16, x5
0x800015A4:     ANDI x23, x8, 102
0x800015A8:     SRA x9, x18, x15
0x800015AC:     AUIPC x19, 1048554
0x800015B0:     SLTIU x10, x17, -56
0x800015B4:     SLTU x14, x11, x28
0x800015B8:     SRL x26, x30, x28
0x800015BC:     AND x5, x18, x18
0x800015C0:     SLT x15, x29, x0
0x800015C4:     SRL x27, x15, x20
0x800015C8:     SRL x19, x24, x26
0x800015CC:     JAL x5, 4
0x800015D0:     AND x27, x4, x29
0x800015D4:     SLTI x15, x12, -149
0x800015D8:     AUIPC x9, 3
0x800015DC:     ANDI x31, x14, 91
0x800015E0:     SUB x12, x21, x8
0x800015E4:     SLLI x19, x18, 4
0x800015E8:     SLL x15, x16, x4
0x800015EC:     XORI x18, x16, 61
0x800015F0:     LUI x20, 17
0x800015F4:     SLTIU x23, x23, -98
0x800015F8:     LH x19, 138(x4)
0x800015FC:     ORI x7, x16, 23
0x80001600:     OR x11, x15, x16
0x80001604:     OR x9, x24, x30
0x80001608:     LUI x20, 1048564
0x8000160C:     SLL x8, x31, x21
0x80001610:     ADDI x1, x22, 53
0x80001614:     SRLI x7, x22, 24
0x80001618:     OR x10, x22, x21
0x8000161C:     OR x10, x18, x24
0x80001620:     SUB x4, x29, x6
0x80001624:     SRAI x17, x7, 10
0x80001628:     XOR x0, x14, x0
0x8000162C:     SLTIU x15, x24, 51
0x80001630:     SRLI x20, x3, 0
0x80001634:     SLTU x28, x11, x9
0x80001638:     SLTU x22, x11, x16
0x8000163C:     SLTU x24, x3, x28
0x80001640:     XORI x27, x22, 86
0x80001644:     AUIPC x14, 1
0x80001648:     SLL x25, x12, x13
0x8000164C:     ADD x3, x12, x0
0x80001650:     SRL x20, x20, x27
0x80001654:     LUI x5, 1048575
0x80001658:     SLTIU x10, x12, 173
0x8000165C:     SLT x17, x27, x5
0x80001660:     SRAI x28, x11, 28
0x80001664:     SLTI x9, x18, -113
0x80001668:     BGE x31, x20, 28
0x80001684:     AND x13, x23, x21
0x80001688:     ADDI x20, x16, -25
0x8000168C:     LUI x11, 1048570
0x80001690:     SLL x4, x14, x1
0x80001694:     ADDI x15, x14, 92
0x80001698:     SUB x12, x19, x11
0x8000169C:     SUB x30, x14, x1
0x800016A0:     ADD x0, x9, x30
0x800016A4:     SRL x29, x25, x10
0x800016A8:     ADD x22, x10, x30
0x800016AC:     SRL x14, x10, x25
0x800016B0:     AUIPC x15, 14
0x800016B4:     SRA x12, x21, x0
0x800016B8:     SLLI x13, x12, 10
0x800016BC:     SUB x13, x26, x20
0x800016C0:     LUI x21, 1048563
0x800016C4:     LUI x14, 524304
0x800016C8:     ADDI x14, x14, 256
0x800016CC:     SB x1, 136(x14)
0x800016D0:     ORI x10, x25, -126
0x800016D4:     SRAI x10, x5, 10
0x800016D8:     ADD x17, x21, x29
0x800016DC:     XORI x25, x6, 39
0x800016E0:     SRLI x15, x13, 5
0x800016E4:     LUI x17, 1048568
0x800016E8:     SLT x20, x28, x5
0x800016EC:     SRAI x25, x2, 0
0x800016F0:     SLLI x2, x16, 29
0x800016F4:     JAL x31, 28
0x80001710:     SUB x15, x18, x4
0x80001714:     OR x18, x5, x24
0x80001718:     AUIPC x1, 1048560
0x8000171C:     SLTI x1, x31, 175
0x80001720:     SLTIU x31, x8, 132
0x80001724:     SLL x23, x15, x31
0x80001728:     SLL x14, x4, x18
0x8000172C:     SRLI x5, x24, 25
0x80001730:     SLTIU x28, x17, 64
0x80001734:     ADDI x13, x3, 191
0x80001738:     SLT x26, x18, x24
0x8000173C:     ANDI x29, x31, 14
0x80001740:     SRAI x16, x30, 10
0x80001744:     AUIPC x7, 7
0x80001748:     XOR x13, x31, x27
0x8000174C:     XOR x9, x22, x14
0x80001750:     LUI x3, 524304
0x80001754:     ADDI x3, x3, 256
0x80001758:     SH x11, 688(x3)
0x8000175C:     SRAI x0, x21, 8
0x80001760:     AUIPC x8, 0
0x80001764:     ADDI x8, x8, 8
0x80001768:     JALR x21, 12(x8)
0x80001774:     AUIPC x20, 1048567
0x80001778:     SLLI x20, x20, 19
0x8000177C:     ANDI x26, x12, 24
0x80001780:     SRAI x11, x0, 3
0x80001784:     SLTU x14, x16, x4
0x80001788:     SLLI x3, x5, 9
0x8000178C:     XOR x16, x20, x7
0x80001790:     ORI x8, x26, -97
0x80001794:     ORI x21, x19, -85
0x80001798:     SLL x23, x22, x9
0x8000179C:     OR x29, x15, x19
0x800017A0:     SLTIU x14, x11, 124
0x800017A4:     SLTU x29, x13, x15
0x800017A8:     XORI x19, x6, -1
0x800017AC:     LUI x18, 524304
0x800017B0:     ADDI x18, x18, 256
0x800017B4:     LHU x27, 248(x18)
0x800017B8:     AUIPC x6, 1048560
0x800017BC:     AUIPC x10, 1048573
0x800017C0:     SLT x0, x18, x7
0x800017C4:     SLT x25, x9, x9
0x800017C8:     SLT x31, x17, x12
0x800017CC:     SRA x13, x13, x13
0x800017D0:     OR x18, x15, x2
0x800017D4:     LUI x3, 3
0x800017D8:     LUI x24, 17
0x800017DC:     SUB x20, x4, x5
0x800017E0:     ORI x18, x7, 167
0x800017E4:     OR x27, x7, x31
0x800017E8:     LUI x10, 1048556
0x800017EC:     ANDI x5, x19, 20
0x800017F0:     XORI x4, x20, -3
0x800017F4:     SLL x16, x26, x31
0x800017F8:     SRL x1, x9, x18
0x800017FC:     LUI x1, 1048567
0x80001800:     ORI x1, x29, -149
0x80001804:     SUB x13, x19, x21
0x80001808:     SLT x23, x13, x13
0x8000180C:     SRL x17, x15, x0
0x80001810:     XORI x3, x9, 86
0x80001814:     SLTU x12, x26, x16
0x80001818:     XOR x0, x4, x8
0x8000181C:     XOR x2, x9, x24
0x80001820:     ORI x11, x7, -11
0x80001824:     ORI x6, x10, 172
0x80001828:     JAL x15, 16
0x80001838:     SLTI x0, x25, -97
0x8000183C:     ADDI x0, x14, -21
0x80001840:     ADD x2, x26, x10
0x80001844:     SRA x31, x18, x26
0x80001848:     XOR x1, x6, x17
0x8000184C:     ANDI x27, x16, -187
0x80001850:     SLTU x29, x15, x20
0x80001854:     AUIPC x4, 8
0x80001858:     LUI x11, 4
0x8000185C:     ORI x2, x13, -158
0x80001860:     LUI x3, 1
0x80001864:     SRL x11, x8, x28
0x80001868:     OR x15, x14, x20
0x8000186C:     XORI x13, x9, 157
0x80001870:     AUIPC x22, 1
0x80001874:     OR x27, x27, x22
0x80001878:     LUI x31, 6
0x8000187C:     LUI x29, 524304
0x80001880:     ADDI x29, x29, 256
0x80001884:     LW x8, 120(x29)
0x80001888:     SLLI x21, x23, 29
0x8000188C:     AUIPC x22, 1048564
0x80001890:     OR x28, x18, x29
0x80001894:     ADD x1, x18, x30
0x80001898:     ANDI x11, x14, 117
0x8000189C:     SRLI x8, x24, 7
0x800018A0:     XOR x14, x10, x16
0x800018A4:     ANDI x12, x8, -170
0x800018A8:     SLLI x11, x19, 3
0x800018AC:     XORI x10, x23, 107
0x800018B0:     SLL x0, x31, x13
0x800018B4:     XOR x19, x30, x9
0x800018B8:     XOR x28, x27, x31
0x800018BC:     SLLI x12, x27, 19
0x800018C0:     LUI x8, 1048567
0x800018C4:     SLL x15, x0, x5
0x800018C8:     AND x4, x31, x24
0x800018CC:     XORI x1, x2, -89
0x800018D0:     XORI x18, x1, 54
0x800018D4:     SLTU x13, x4, x4
0x800018D8:     LUI x15, 1048566
0x800018DC:     SRA x29, x8, x0
0x800018E0:     OR x20, x29, x20
0x800018E4:     ANDI x17, x17, 157
0x800018E8:     BGEU x21, x28, 4
0x800018EC:     SRA x5, x13, x18
0x800018F0:     AND x2, x4, x5
0x800018F4:     ADDI x1, x26, -200
0x800018F8:     SRLI x27, x30, 21
0x800018FC:     SLTU x18, x9, x24
0x80001900:     ADDI x4, x17, -52
0x80001904:     ADDI x8, x17, -146
0x80001908:     SRAI x19, x29, 19
0x8000190C:     SUB x5, x10, x6
0x80001910:     SRL x12, x13, x15
0x80001914:     SRL x14, x12, x25
0x80001918:     OR x6, x15, x16
0x8000191C:     LUI x21, 1048561
0x80001920:     LUI x12, 524304
0x80001924:     ADDI x12, x12, 256
0x80001928:     SH x14, 330(x12)
0x8000192C:     SRLI x20, x12, 2
0x80001930:     XOR x11, x30, x14
0x80001934:     SLT x25, x25, x16
0x80001938:     SLL x14, x21, x16
0x8000193C:     SLTU x29, x10, x12
0x80001940:     LUI x1, 1048570
0x80001944:     AND x9, x11, x6
0x80001948:     ADD x31, x24, x8
0x8000194C:     SRAI x1, x12, 22
0x80001950:     SLTIU x7, x14, -49
0x80001954:     AUIPC x20, 1048563
0x80001958:     SRL x20, x19, x26
0x8000195C:     SRLI x30, x12, 13
0x80001960:     AUIPC x17, 1048568
0x80001964:     SRAI x13, x22, 6
0x80001968:     XORI x7, x2, 70
0x8000196C:     SRLI x13, x31, 4
0x80001970:     SLTIU x12, x15, 68
0x80001974:     AUIPC x18, 1048573
0x80001978:     ADDI x22, x7, -68
0x8000197C:     XOR x14, x0, x0
0x80001980:     ADDI x16, x9, -78
0x80001984:     SRL x16, x19, x25
0x80001988:     LUI x21, 19
0x8000198C:     LUI x21, 19
0x80001990:     SRL x27, x3, x24
0x80001994:     ADD x27, x24, x8
0x80001998:     SLTI x30, x1, -108
0x8000199C:     ORI x28, x0, 155
0x800019A0:     SRA x19, x29, x3
0x800019A4:     JAL x31, 4
0x800019A8:     SUB x2, x23, x16
0x800019AC:     SLTU x20, x5, x20
0x800019B0:     XOR x10, x16, x14
0x800019B4:     ANDI x15, x0, -138
0x800019B8:     ADDI x9, x24, -30
0x800019BC:     OR x19, x7, x13
0x800019C0:     SUB x1, x1, x10
0x800019C4:     SLL x16, x0, x14
0x800019C8:     SLT x24, x16, x13
0x800019CC:     LUI x17, 524304
0x800019D0:     ADDI x17, x17, 256
0x800019D4:     SB x25, 2036(x17)
0x800019D8:     SLTU x9, x10, x14
0x800019DC:     SLLI x10, x24, 13
0x800019E0:     ORI x25, x14, 20
0x800019E4:     SRL x8, x7, x5
0x800019E8:     SLTU x1, x16, x12
0x800019EC:     LUI x3, 15
0x800019F0:     SRAI x19, x4, 0
0x800019F4:     ORI x2, x9, -8
0x800019F8:     SLL x14, x1, x1
0x800019FC:     SLTIU x22, x20, 66
0x80001A00:     XORI x8, x30, 10
0x80001A04:     SLTI x18, x22, -125
0x80001A08:     JAL x28, 36
0x80001A2C:     SRAI x28, x30, 13
0x80001A30:     ORI x18, x12, -53
0x80001A34:     SLL x15, x9, x30
0x80001A38:     SRLI x18, x14, 12
0x80001A3C:     ORI x23, x30, 31
0x80001A40:     OR x15, x19, x28
0x80001A44:     SRAI x12, x25, 1
0x80001A48:     ANDI x6, x27, 114
0x80001A4C:     SRLI x6, x7, 14
0x80001A50:     SLL x10, x29, x4
0x80001A54:     ORI x9, x23, -155
0x80001A58:     XOR x27, x9, x2
0x80001A5C:     SLTU x19, x8, x23
0x80001A60:     XOR x8, x1, x27
0x80001A64:     ADD x23, x30, x26
0x80001A68:     SH x12, 272(x17)
0x80001A6C:     OR x28, x8, x2
0x80001A70:     LUI x17, 1048552
0x80001A74:     SRL x1, x30, x26
0x80001A78:     SRAI x25, x12, 16
0x80001A7C:     SRAI x12, x12, 0
0x80001A80:     ANDI x14, x27, -32
0x80001A84:     ADDI x29, x3, -28
0x80001A88:     ADD x31, x16, x26
0x80001A8C:     SRLI x9, x1, 28
0x80001A90:     SLT x8, x10, x11
0x80001A94:     SLLI x30, x23, 31
0x80001A98:     SLTI x21, x18, -137
0x80001A9C:     ORI x2, x21, 154
0x80001AA0:     SLLI x11, x27, 6
0x80001AA4:     XOR x30, x26, x20
0x80001AA8:     SLTI x14, x20, 12
0x80001AAC:     ANDI x27, x25, -187
0x80001AB0:     ANDI x11, x8, 131
0x80001AB4:     OR x13, x15, x2
0x80001AB8:     SUB x21, x17, x15
0x80001ABC:     AUIPC x10, 0
0x80001AC0:     ADDI x10, x10, 8
0x80001AC4:     JALR x2, 4(x10)
0x80001AC8:     SRAI x24, x30, 10
0x80001ACC:     LUI x19, 524304
0x80001AD0:     ADDI x19, x19, 256
0x80001AD4:     SH x28, 562(x19)
0x80001AD8:     XORI x26, x23, 113
0x80001ADC:     XORI x22, x10, -181
0x80001AE0:     JAL x6, 8
0x80001AE8:     SLL x31, x20, x20
0x80001AEC:     SRL x19, x31, x2
0x80001AF0:     SLL x13, x13, x1
0x80001AF4:     SRA x30, x28, x22
0x80001AF8:     SLTI x31, x18, 30
0x80001AFC:     LUI x19, 524304
0x80001B00:     ADDI x19, x19, 256
0x80001B04:     LBU x30, 58(x19)
0x80001B08:     ANDI x28, x20, 10
0x80001B0C:     ORI x22, x8, 168
0x80001B10:     SRA x13, x23, x14
0x80001B14:     SUB x19, x14, x4
0x80001B18:     SLL x2, x4, x26
